Baseline DCSM Experiments Log (no MoE)
=================================================
Dataset: flchain
Start time: Thu Feb 12 05:28:33 PM EST 2026

Mode: HYPERPARAMETER TUNING (grid search)
Learning rates: 0.001 0.0001
Discounts: 0.5 0.75 1
Layer configs: [50] [50,50]

Per-seed detailed results:
lr,discount,layers,seed,best_epoch,c_index_train,c_index_val,c_index_test,logrank,rae_nc,rae_c,cal,cluster0,cluster1,collapsed

0.001,0.5,[50],42,96,0.7783,0.7669,0.7914,4.8751e+02,0.9103,0.9103,0.4347,1101,857,0
0.001,0.5,[50],73,98,0.7775,0.7913,0.7829,4.6360e+02,0.9282,0.9282,0.4296,1097,861,0
0.001,0.5,[50],666,77,0.7760,0.8026,0.7795,4.0140e+02,0.9334,0.9334,0.4564,1084,874,0
0.001,0.5,[50],777,100,0.7755,0.7655,0.7882,4.9290e+02,0.8945,0.8945,0.4322,1145,813,0
0.001,0.5,[50],1009,86,0.7788,0.7570,0.7863,4.3544e+02,0.9059,0.9059,0.4420,1094,864,0
0.001,0.5,[50,50],42,52,0.7851,0.7700,0.7987,5.2427e+02,0.9499,0.9499,0.4721,811,1147,0
0.001,0.5,[50,50],73,49,0.7866,0.7987,0.7868,4.7592e+02,0.9702,0.9702,0.4647,807,1151,0
0.001,0.5,[50,50],666,48,0.7857,0.8040,0.7897,4.3355e+02,0.9611,0.9611,0.4883,912,1046,0
0.001,0.5,[50,50],777,48,0.7855,0.7740,0.7918,4.7408e+02,0.9257,0.9257,0.4738,814,1144,0
0.001,0.5,[50,50],1009,46,0.7840,0.7612,0.7892,4.5807e+02,0.9435,0.9435,0.4772,846,1112,0
0.001,0.75,[50],42,86,0.7776,0.7656,0.7917,4.9250e+02,0.9918,0.9918,0.3632,1107,851,0
0.001,0.75,[50],73,95,0.7775,0.7912,0.7837,4.7115e+02,0.9955,0.9955,0.3591,1103,855,0
0.001,0.75,[50],666,98,0.7750,0.8061,0.7788,4.2255e+02,0.9907,0.9907,0.3796,1088,870,0
0.001,0.75,[50],777,86,0.7758,0.7662,0.7887,4.8424e+02,0.9854,0.9854,0.3547,1139,819,0
0.001,0.75,[50],1009,92,0.7788,0.7596,0.7857,4.4382e+02,0.9862,0.9862,0.3646,1107,851,0
0.001,0.75,[50,50],42,25,0.7855,0.7750,0.8014,6.2260e+02,1.0000,1.0000,0.3995,1217,741,0
0.001,0.75,[50,50],73,23,0.7861,0.7969,0.7876,5.0419e+02,1.0000,1.0000,0.3937,1200,758,0
0.001,0.75,[50,50],666,22,0.7856,0.8056,0.7878,4.6701e+02,1.0000,1.0000,0.4131,1171,787,0
0.001,0.75,[50,50],777,24,0.7844,0.7797,0.7963,5.5020e+02,1.0000,1.0000,0.3910,1232,726,0
0.001,0.75,[50,50],1009,23,0.7878,0.7678,0.7886,5.5236e+02,1.0000,1.0000,0.3978,1259,699,0
0.001,1,[50],42,86,0.7779,0.7665,0.7917,4.8809e+02,1.0000,1.0000,0.3368,870,1088,0
0.001,1,[50],73,95,0.7773,0.7909,0.7844,4.8364e+02,1.0000,1.0000,0.3322,878,1080,0
0.001,1,[50],666,76,0.7757,0.8035,0.7786,3.9879e+02,1.0000,1.0000,0.3514,896,1062,0
0.001,1,[50],777,97,0.7759,0.7677,0.7894,4.8113e+02,0.9996,0.9996,0.3226,825,1133,0
0.001,1,[50],1009,84,0.7788,0.7587,0.7856,4.3652e+02,1.0000,1.0000,0.3348,868,1090,0
0.001,1,[50,50],42,24,0.7726,0.7594,0.7884,6.3952e+02,1.0000,1.0000,0.3817,1236,722,0
0.001,1,[50,50],73,21,0.7752,0.7892,0.7796,4.9685e+02,1.0000,1.0000,0.3777,1205,753,0
0.001,1,[50,50],666,18,0.7743,0.7959,0.7777,4.0394e+02,1.0000,1.0000,0.3952,1084,874,0
0.001,1,[50,50],777,21,0.7747,0.7619,0.7852,5.0303e+02,1.0000,1.0000,0.3675,1224,734,0
0.001,1,[50,50],1009,20,0.7777,0.7558,0.7830,4.8734e+02,1.0000,1.0000,0.3792,1219,739,0
0.0001,0.5,[50],42,196,0.7671,0.7515,0.7813,3.0550e+02,0.9936,0.9936,0.4490,852,1106,0
0.0001,0.5,[50],73,190,0.7631,0.7735,0.7615,2.7016e+02,0.9995,0.9995,0.4405,845,1113,0
0.0001,0.5,[50],666,186,0.7638,0.7883,0.7685,2.5933e+02,0.9961,0.9961,0.4652,843,1115,0
0.0001,0.5,[50],777,184,0.7676,0.7520,0.7702,2.7346e+02,0.9797,0.9797,0.4470,891,1067,0
0.0001,0.5,[50],1009,176,0.7668,0.7440,0.7718,2.6645e+02,0.9942,0.9942,0.4471,820,1138,0
0.0001,0.5,[50,50],42,315,0.7858,0.7696,0.7976,4.8769e+02,0.9634,0.9634,0.4666,851,1107,0
0.0001,0.5,[50,50],73,296,0.7852,0.8003,0.7891,4.5845e+02,0.9836,0.9836,0.4580,861,1097,0
0.0001,0.5,[50,50],666,288,0.7850,0.8074,0.7886,4.2998e+02,0.9712,0.9712,0.4829,881,1077,0
0.0001,0.5,[50,50],777,306,0.7851,0.7731,0.7934,4.8356e+02,0.9365,0.9365,0.4685,821,1137,0
0.0001,0.5,[50,50],1009,290,0.7890,0.7653,0.7928,4.6255e+02,0.9573,0.9573,0.4705,826,1132,0
0.0001,0.75,[50],42,87,0.7713,0.7582,0.7832,2.5766e+02,1.0000,1.0000,0.3960,1242,716,0
0.0001,0.75,[50],73,80,0.7687,0.7758,0.7702,2.2101e+02,1.0000,1.0000,0.3895,1288,670,0
0.0001,0.75,[50],666,77,0.7686,0.7932,0.7758,2.1479e+02,1.0000,1.0000,0.4083,1277,681,0
0.0001,0.75,[50],777,79,0.7710,0.7604,0.7765,2.2950e+02,1.0000,1.0000,0.3850,1205,753,0
0.0001,0.75,[50],1009,80,0.7706,0.7571,0.7752,2.4271e+02,1.0000,1.0000,0.3932,1252,706,0
0.0001,0.75,[50,50],42,287,0.7762,0.7622,0.7876,6.5390e+02,1.0000,1.0000,0.4002,1251,707,0
0.0001,0.75,[50,50],73,257,0.7767,0.7941,0.7835,5.2024e+02,1.0000,1.0000,0.3942,1240,718,0
0.0001,0.75,[50,50],666,232,0.7765,0.8006,0.7801,4.7477e+02,1.0000,1.0000,0.4135,1194,764,0
0.0001,0.75,[50,50],777,255,0.7761,0.7669,0.7877,5.2741e+02,1.0000,1.0000,0.3918,1255,703,0
0.0001,0.75,[50,50],1009,245,0.7798,0.7590,0.7837,5.2236e+02,1.0000,1.0000,0.3993,1262,696,0
0.0001,1,[50],42,120,0.7551,0.7379,0.7624,3.6540e+02,1.0000,1.0000,0.3844,1047,911,0
0.0001,1,[50],73,119,0.7505,0.7609,0.7541,3.2768e+02,1.0000,1.0000,0.3788,1056,902,0
0.0001,1,[50],666,101,0.7512,0.7797,0.7557,3.0553e+02,1.0000,1.0000,0.3953,999,959,0
0.0001,1,[50],777,116,0.7532,0.7388,0.7545,2.8226e+02,1.0000,1.0000,0.3687,1078,880,0
0.0001,1,[50],1009,110,0.7530,0.7381,0.7566,2.9976e+02,1.0000,1.0000,0.3800,1050,908,0
0.0001,1,[50,50],42,276,0.7804,0.7647,0.7922,5.3105e+02,1.0000,1.0000,0.3834,809,1149,0
0.0001,1,[50,50],73,292,0.7896,0.7991,0.7916,4.9346e+02,1.0000,1.0000,0.3767,780,1178,0
0.0001,1,[50,50],666,261,0.7854,0.8075,0.7887,4.8859e+02,1.0000,1.0000,0.3934,791,1167,0
0.0001,1,[50,50],777,286,0.7850,0.7769,0.7980,5.0311e+02,1.0000,1.0000,0.3669,749,1209,0
0.0001,1,[50,50],1009,268,0.7881,0.7650,0.7922,5.0756e+02,1.0000,1.0000,0.3787,747,1211,0
=================================================
End time: Thu Feb 12 06:54:48 PM EST 2026


=================================================
BEST HYPERPARAMETER SELECTION
=================================================

Hyperparameter Search Results (sorted by validation C-index):
========================================================================================================================
LR         Discount     Layers          Val C-idx       Test C-idx      Logrank        
------------------------------------------------------------------------------------------------------------------------
0.001      0.75         [50]            0.7777±0.0200  0.7857±0.0049  462.8520±29.1195
0.001      1            [50]            0.7775±0.0189  0.7859±0.0050  457.6340±38.9370
0.001      0.5          [50]            0.7767±0.0193  0.7857±0.0046  456.1700±38.1313
0.0001     0.75         [50]            0.7689±0.0155  0.7762±0.0046  233.1340±17.2476
0.0001     0.5          [50]            0.7619±0.0184  0.7707±0.0071  274.9800±17.8514
0.0001     1            [50]            0.7511±0.0188  0.7567±0.0034  316.1260±31.9705

========================================================================================================================
BEST HYPERPARAMETERS:
========================================================================================================================
Learning rate:    0.001
Discount:         0.75
Layers:           [50]

Validation C-index:  0.7777 ± 0.0200
Test C-index:        0.7857 ± 0.0049
Logrank p-value:     462.8520 ± 29.1195
Number of seeds:     5
========================================================================================================================

Per-seed Test Results (for best hyperparameters):
Seed   Test C-index    Logrank        
------------------------------------
42     0.7917          492.5000       
73     0.7837          471.1500       
666    0.7788          422.5500       
777    0.7887          484.2400       
1009   0.7857          443.8200       
=================================================
