Baseline DCSM Experiments Log (no MoE)
=================================================
Dataset: support
Start time: Fri Feb 13 10:55:25 AM EST 2026

Mode: HYPERPARAMETER TUNING (grid search)
Learning rates: 0.001 0.0001
Discounts: 0.5 0.75 1
Layer configs: [50] [50,50]

Per-seed detailed results:
lr,discount,layers,seed,best_epoch,c_index_train,c_index_val,c_index_test,logrank,rae_nc,rae_c,cal,cluster0,cluster1,collapsed

0.001,0.5,[50],42,32,0.8246,0.8185,0.8244,6.6059e+02,0.7966,0.7966,0.7925,375,535,0
0.001,0.5,[50],73,30,0.8194,0.8203,0.8219,5.8044e+02,0.7914,0.7914,0.7837,378,532,0
0.001,0.5,[50],666,32,0.8235,0.8243,0.8218,6.5510e+02,0.7924,0.7924,0.7674,369,541,0
0.001,0.5,[50],777,29,0.8191,0.8200,0.8261,6.5520e+02,0.8094,0.8094,0.7372,385,525,0
0.001,0.5,[50],1009,30,0.8177,0.8270,0.8139,7.1319e+02,0.8075,0.8075,0.7042,396,514,0
0.001,0.5,[50,50],42,67,0.8385,0.8282,0.8279,4.2399e+02,0.7925,0.7925,0.7886,479,431,0
0.001,0.5,[50,50],73,60,0.8291,0.8280,0.8266,7.8488e+02,0.7777,0.7777,0.7805,354,556,0
0.001,0.5,[50,50],666,56,0.8308,0.8345,0.8319,1.2182e+03,0.7784,0.7784,0.7636,318,592,0
0.001,0.5,[50,50],777,73,0.8003,0.8070,0.8104,1.0949e+03,0.7982,0.7982,0.7344,587,323,0
0.001,0.5,[50,50],1009,67,0.7986,0.8044,0.8011,1.2716e+03,0.7907,0.7907,0.7007,568,342,0
0.001,0.75,[50],42,30,0.8332,0.8259,0.8305,7.0447e+02,0.8344,0.8344,0.7320,374,536,0
0.001,0.75,[50],73,31,0.8285,0.8277,0.8282,6.4642e+02,0.8408,0.8408,0.7248,370,540,0
0.001,0.75,[50],666,28,0.8325,0.8326,0.8298,6.4098e+02,0.8122,0.8122,0.7100,380,530,0
0.001,0.75,[50],777,25,0.8294,0.8304,0.8370,7.1095e+02,0.8230,0.8230,0.6809,389,521,0
0.001,0.75,[50],1009,29,0.8277,0.8323,0.8246,7.3264e+02,0.8426,0.8426,0.6540,404,506,0
0.001,0.75,[50,50],42,44,0.8328,0.8273,0.8260,5.4372e+02,0.8044,0.8044,0.7271,417,493,0
0.001,0.75,[50,50],73,42,0.8240,0.8247,0.8219,8.7160e+02,0.8155,0.8155,0.7189,341,569,0
0.001,0.75,[50,50],666,41,0.8259,0.8263,0.8241,6.3980e+02,0.8019,0.8019,0.7060,383,527,0
0.001,0.75,[50,50],777,47,0.8389,0.8407,0.8418,1.0864e+03,0.8167,0.8167,0.6785,325,585,0
0.001,0.75,[50,50],1009,48,0.8226,0.8278,0.8206,7.2600e+02,0.8198,0.8198,0.6491,400,510,0
0.001,1,[50],42,27,0.8354,0.8255,0.8318,6.8575e+02,0.8649,0.8649,0.6751,383,527,0
0.001,1,[50],73,24,0.8301,0.8299,0.8310,6.2926e+02,0.8612,0.8612,0.6651,382,528,0
0.001,1,[50],666,26,0.8337,0.8351,0.8314,6.5380e+02,0.8564,0.8564,0.6563,383,527,0
0.001,1,[50],777,23,0.8336,0.8346,0.8401,7.0265e+02,0.8621,0.8621,0.6293,395,515,0
0.001,1,[50],1009,28,0.8321,0.8341,0.8302,7.6230e+02,0.8876,0.8876,0.6071,402,508,0
0.001,1,[50,50],42,37,0.8291,0.8231,0.8236,1.2292e+03,0.8457,0.8457,0.6707,320,590,0
0.001,1,[50,50],73,36,0.8305,0.8334,0.8286,1.1680e+03,0.8525,0.8525,0.6624,311,599,0
0.001,1,[50,50],666,36,0.8265,0.8264,0.8253,5.5026e+02,0.8328,0.8328,0.6532,403,507,0
0.001,1,[50,50],777,38,0.8377,0.8404,0.8392,1.1585e+03,0.8472,0.8472,0.6271,321,589,0
0.001,1,[50,50],1009,39,0.8074,0.8107,0.8140,1.3031e+03,0.8538,0.8538,0.6020,341,569,0
0.0001,0.5,[50],42,487,0.8296,0.8215,0.8283,6.9775e+02,0.7965,0.7965,0.7905,373,537,0
0.0001,0.5,[50],73,407,0.8272,0.8278,0.8299,5.9502e+02,0.7886,0.7886,0.7823,387,523,0
0.0001,0.5,[50],666,430,0.8304,0.8310,0.8283,6.2226e+02,0.7871,0.7871,0.7656,387,523,0
0.0001,0.5,[50],777,408,0.8273,0.8298,0.8353,6.9734e+02,0.8076,0.8076,0.7355,391,519,0
0.0001,0.5,[50],1009,424,0.8231,0.8305,0.8218,6.6147e+02,0.8042,0.8042,0.7029,418,492,0
0.0001,0.5,[50,50],42,650,0.8420,0.8313,0.8325,6.1098e+02,0.7925,0.7925,0.7884,411,499,0
0.0001,0.5,[50,50],73,572,0.8328,0.8328,0.8320,9.0745e+02,0.7775,0.7775,0.7807,338,572,0
0.0001,0.5,[50,50],666,545,0.8346,0.8354,0.8329,9.2339e+02,0.7783,0.7783,0.7638,347,563,0
0.0001,0.5,[50,50],777,788,0.8014,0.8030,0.8130,1.3484e+03,0.8006,0.8006,0.7342,599,311,0
0.0001,0.5,[50,50],1009,705,0.8035,0.7966,0.8202,1.3055e+03,0.7918,0.7918,0.7008,570,340,0
0.0001,0.75,[50],42,445,0.8355,0.8241,0.8312,6.6438e+02,0.8321,0.8321,0.7300,392,518,0
0.0001,0.75,[50],73,394,0.8314,0.8304,0.8317,5.9142e+02,0.8320,0.8320,0.7219,396,514,0
0.0001,0.75,[50],666,422,0.8349,0.8347,0.8317,6.1062e+02,0.8129,0.8129,0.7094,398,512,0
0.0001,0.75,[50],777,368,0.8342,0.8349,0.8407,6.4113e+02,0.8233,0.8233,0.6801,410,500,0
0.0001,0.75,[50],1009,501,0.8316,0.8330,0.8310,7.5273e+02,0.8497,0.8497,0.6545,406,504,0
0.0001,0.75,[50,50],42,444,0.8393,0.8330,0.8324,8.2989e+02,0.8044,0.8044,0.7270,363,547,0
0.0001,0.75,[50,50],73,422,0.8330,0.8332,0.8327,9.6996e+02,0.8153,0.8153,0.7189,331,579,0
0.0001,0.75,[50,50],666,417,0.8350,0.8368,0.8340,9.1693e+02,0.8019,0.8019,0.7062,344,566,0
0.0001,0.75,[50,50],777,470,0.8401,0.8381,0.8444,7.5501e+02,0.8167,0.8167,0.6780,378,532,0
0.0001,0.75,[50,50],1009,485,0.8304,0.8340,0.8310,8.9030e+02,0.8198,0.8198,0.6491,376,534,0
0.0001,1,[50],42,439,0.8347,0.8241,0.8300,5.9669e+02,0.8694,0.8694,0.6749,410,500,0
0.0001,1,[50],73,447,0.8350,0.8340,0.8325,6.3488e+02,0.8851,0.8851,0.6676,396,514,0
0.0001,1,[50],666,398,0.8367,0.8369,0.8333,5.5136e+02,0.8612,0.8612,0.6568,427,483,0
0.0001,1,[50],777,366,0.8354,0.8345,0.8403,5.9553e+02,0.8704,0.8704,0.6296,434,476,0
0.0001,1,[50],1009,472,0.8320,0.8329,0.8318,6.6610e+02,0.8975,0.8975,0.6082,433,477,0
0.0001,1,[50,50],42,376,0.8389,0.8329,0.8320,8.3280e+02,0.8456,0.8456,0.6706,360,550,0
0.0001,1,[50,50],73,368,0.8329,0.8331,0.8329,9.6710e+02,0.8523,0.8523,0.6624,333,577,0
0.0001,1,[50,50],666,372,0.8353,0.8374,0.8343,9.1441e+02,0.8327,0.8327,0.6533,345,565,0
0.0001,1,[50,50],777,383,0.8396,0.8381,0.8443,7.4657e+02,0.8472,0.8472,0.6267,381,529,0
0.0001,1,[50,50],1009,397,0.8301,0.8340,0.8313,8.9030e+02,0.8535,0.8535,0.6020,376,534,0
=================================================
End time: Fri Feb 13 02:06:11 PM EST 2026


=================================================
BEST HYPERPARAMETER SELECTION
=================================================

Hyperparameter Search Results (sorted by validation C-index):
========================================================================================================================
LR         Discount     Layers          Val C-idx       Test C-idx      Logrank        
------------------------------------------------------------------------------------------------------------------------
0.0001     1            [50]            0.8325±0.0049  0.8336±0.0039  608.9120±43.5474
0.001      1            [50]            0.8318±0.0041  0.8329±0.0041  686.7520±50.8734
0.0001     0.75         [50]            0.8314±0.0045  0.8333±0.0042  652.0560±62.8494
0.001      0.75         [50]            0.8298±0.0029  0.8300±0.0045  687.0920±41.0072
0.0001     0.5          [50]            0.8281±0.0039  0.8287±0.0048  654.7680±45.6381
0.001      0.5          [50]            0.8220±0.0035  0.8216±0.0047  652.9040±47.3144

========================================================================================================================
BEST HYPERPARAMETERS:
========================================================================================================================
Learning rate:    0.0001
Discount:         1
Layers:           [50]

Validation C-index:  0.8325 ± 0.0049
Test C-index:        0.8336 ± 0.0039
Logrank p-value:     608.9120 ± 43.5474
Number of seeds:     5
========================================================================================================================

Per-seed Test Results (for best hyperparameters):
Seed   Test C-index    Logrank        
------------------------------------
42     0.8300          596.6900       
73     0.8325          634.8800       
666    0.8333          551.3600       
777    0.8403          595.5300       
1009   0.8318          666.1000       
=================================================
