Baseline DCSM Experiments Log (no MoE)
=================================================
Dataset: FRAMINGHAM
Start time: Fri Feb 13 10:56:32 AM EST 2026

Mode: HYPERPARAMETER TUNING (grid search)
Learning rates: 0.001 0.0001
Discounts: 0.5 0.75 1
Layer configs: [50] [50,50]

Per-seed detailed results:
lr,discount,layers,seed,best_epoch,c_index_train,c_index_val,c_index_test,logrank,rae_nc,rae_c,cal,cluster0,cluster1,collapsed

0.001,0.5,[50],42,43,0.7509,0.7539,0.7448,6.3921e+02,0.7984,0.7984,0.6204,2068,1421,0
0.001,0.5,[50],73,31,0.7534,0.7681,0.7366,5.6946e+02,0.8137,0.8137,0.6184,2037,1452,0
0.001,0.5,[50],666,37,0.7582,0.7290,0.7389,6.1787e+02,0.8058,0.8058,0.6232,2108,1381,0
0.001,0.5,[50],777,44,0.7512,0.7374,0.7532,6.8902e+02,0.8316,0.8316,0.6178,2087,1402,0
0.001,0.5,[50],1009,41,0.7493,0.7706,0.7464,6.7399e+02,0.8396,0.8396,0.6210,2064,1425,0
0.001,0.5,[50,50],42,30,0.7521,0.7554,0.7457,5.6245e+02,0.7589,0.7589,0.6204,1808,1681,0
0.001,0.5,[50,50],73,27,0.7483,0.7629,0.7340,3.9631e+02,0.7965,0.7965,0.6184,1504,1985,0
0.001,0.5,[50,50],666,26,0.7632,0.7294,0.7414,4.8753e+02,0.7798,0.7798,0.6232,1789,1700,0
0.001,0.5,[50,50],777,31,0.7610,0.7479,0.7609,6.6580e+02,0.8041,0.8041,0.6178,1901,1588,0
0.001,0.5,[50,50],1009,26,0.7462,0.7707,0.7435,4.6523e+02,0.8146,0.8146,0.6210,1581,1908,0
0.001,0.75,[50],42,32,0.7507,0.7545,0.7453,6.1974e+02,0.7117,0.7117,0.6204,2046,1443,0
0.001,0.75,[50],73,27,0.7531,0.7656,0.7366,5.6279e+02,0.7541,0.7541,0.6184,2036,1453,0
0.001,0.75,[50],666,32,0.7587,0.7287,0.7394,6.0548e+02,0.7477,0.7477,0.6232,2114,1375,0
0.001,0.75,[50],777,37,0.7525,0.7375,0.7535,6.7827e+02,0.7810,0.7810,0.6178,2085,1404,0
0.001,0.75,[50],1009,32,0.7490,0.7715,0.7473,6.4837e+02,0.7844,0.7844,0.6210,2052,1437,0
0.001,0.75,[50,50],42,24,0.7516,0.7560,0.7463,5.2999e+02,0.6773,0.6773,0.6204,1779,1710,0
0.001,0.75,[50,50],73,23,0.7508,0.7667,0.7339,5.5970e+02,0.7332,0.7332,0.6184,1885,1604,0
0.001,0.75,[50,50],666,21,0.7634,0.7298,0.7415,4.8788e+02,0.7164,0.7164,0.6232,1791,1698,0
0.001,0.75,[50,50],777,25,0.7596,0.7448,0.7593,6.5428e+02,0.7486,0.7486,0.6178,1885,1604,0
0.001,0.75,[50,50],1009,23,0.7583,0.7802,0.7536,6.1631e+02,0.7616,0.7616,0.6210,1880,1609,0
0.001,1,[50],42,35,0.7510,0.7546,0.7455,6.2793e+02,0.6591,0.6591,0.6204,2071,1418,0
0.001,1,[50],73,25,0.7524,0.7655,0.7367,5.5598e+02,0.6985,0.6985,0.6184,2035,1454,0
0.001,1,[50],666,30,0.7588,0.7285,0.7395,5.9260e+02,0.6932,0.6932,0.6232,2109,1380,0
0.001,1,[50],777,35,0.7524,0.7383,0.7538,6.9055e+02,0.7378,0.7378,0.6178,2094,1395,0
0.001,1,[50],1009,31,0.7492,0.7718,0.7475,6.3539e+02,0.7424,0.7424,0.6210,2052,1437,0
0.001,1,[50,50],42,21,0.7539,0.7563,0.7475,5.2747e+02,0.6151,0.6151,0.6204,1770,1719,0
0.001,1,[50,50],73,19,0.7499,0.7652,0.7350,4.3256e+02,0.6818,0.6818,0.6184,1622,1867,0
0.001,1,[50,50],666,19,0.7639,0.7348,0.7431,5.6587e+02,0.6654,0.6654,0.6232,1848,1641,0
0.001,1,[50,50],777,22,0.7626,0.7507,0.7629,6.4047e+02,0.7035,0.7035,0.6178,1885,1604,0
0.001,1,[50,50],1009,21,0.7511,0.7762,0.7453,6.3587e+02,0.7189,0.7189,0.6210,1896,1593,0
0.0001,0.5,[50],42,602,0.7505,0.7536,0.7449,6.2564e+02,0.7878,0.7878,0.6204,2054,1435,0
0.0001,0.5,[50],73,454,0.7521,0.7652,0.7366,5.5407e+02,0.8107,0.8107,0.6184,2036,1453,0
0.0001,0.5,[50],666,579,0.7581,0.7286,0.7392,6.0344e+02,0.8050,0.8050,0.6232,2119,1370,0
0.0001,0.5,[50],777,541,0.7523,0.7372,0.7535,6.6412e+02,0.8213,0.8213,0.6178,2092,1397,0
0.0001,0.5,[50],1009,668,0.7490,0.7698,0.7464,6.6911e+02,0.8426,0.8426,0.6210,2066,1423,0
0.0001,0.5,[50,50],42,312,0.7520,0.7540,0.7448,5.1280e+02,0.7558,0.7558,0.6204,1806,1683,0
0.0001,0.5,[50,50],73,301,0.7515,0.7661,0.7340,5.1973e+02,0.7978,0.7978,0.6184,1867,1622,0
0.0001,0.5,[50,50],666,287,0.7598,0.7307,0.7393,5.6746e+02,0.7813,0.7813,0.6232,1941,1548,0
0.0001,0.5,[50,50],777,315,0.7570,0.7471,0.7592,5.9921e+02,0.8047,0.8047,0.6178,1866,1623,0
0.0001,0.5,[50,50],1009,290,0.7577,0.7793,0.7535,5.4933e+02,0.8169,0.8169,0.6210,1805,1684,0
0.0001,0.75,[50],42,594,0.7510,0.7544,0.7453,6.3633e+02,0.7211,0.7211,0.6204,2062,1427,0
0.0001,0.75,[50],73,488,0.7538,0.7670,0.7369,5.8302e+02,0.7615,0.7615,0.6184,2044,1445,0
0.0001,0.75,[50],666,561,0.7582,0.7267,0.7394,6.1855e+02,0.7540,0.7540,0.6232,2111,1378,0
0.0001,0.75,[50],777,489,0.7521,0.7367,0.7538,6.5552e+02,0.7716,0.7716,0.6178,2090,1399,0
0.0001,0.75,[50],1009,521,0.7489,0.7714,0.7471,6.4214e+02,0.7874,0.7874,0.6210,2057,1432,0
0.0001,0.75,[50,50],42,257,0.7522,0.7545,0.7449,5.2006e+02,0.6734,0.6734,0.6204,1798,1691,0
0.0001,0.75,[50,50],73,249,0.7522,0.7672,0.7344,5.0612e+02,0.7353,0.7353,0.6184,1852,1637,0
0.0001,0.75,[50,50],666,244,0.7602,0.7316,0.7402,5.7766e+02,0.7180,0.7180,0.6232,1946,1543,0
0.0001,0.75,[50,50],777,261,0.7566,0.7469,0.7590,6.0275e+02,0.7497,0.7497,0.6178,1850,1639,0
0.0001,0.75,[50,50],1009,244,0.7579,0.7806,0.7538,5.6461e+02,0.7648,0.7648,0.6210,1805,1684,0
0.0001,1,[50],42,548,0.7509,0.7551,0.7457,6.2389e+02,0.6556,0.6556,0.6204,2069,1420,0
0.0001,1,[50],73,418,0.7525,0.7654,0.7372,5.5076e+02,0.7041,0.7041,0.6184,2041,1448,0
0.0001,1,[50],666,546,0.7582,0.7258,0.7396,6.1939e+02,0.7056,0.7056,0.6232,2107,1382,0
0.0001,1,[50],777,570,0.7519,0.7380,0.7539,6.9986e+02,0.7408,0.7408,0.6178,2095,1394,0
0.0001,1,[50],1009,513,0.7494,0.7719,0.7475,6.4624e+02,0.7482,0.7482,0.6210,2054,1435,0
0.0001,1,[50,50],42,229,0.7521,0.7546,0.7448,5.1986e+02,0.6109,0.6109,0.6204,1799,1690,0
0.0001,1,[50,50],73,224,0.7525,0.7670,0.7346,5.1389e+02,0.6828,0.6828,0.6184,1856,1633,0
0.0001,1,[50,50],666,227,0.7591,0.7323,0.7405,6.0431e+02,0.6653,0.6653,0.6232,1958,1531,0
0.0001,1,[50,50],777,234,0.7561,0.7464,0.7586,5.9377e+02,0.7049,0.7049,0.6178,1853,1636,0
0.0001,1,[50,50],1009,228,0.7562,0.7798,0.7532,5.8302e+02,0.7233,0.7233,0.6210,1842,1647,0
=================================================
End time: Fri Feb 13 03:03:45 PM EST 2026


=================================================
BEST HYPERPARAMETER SELECTION
=================================================

Hyperparameter Search Results (sorted by validation C-index):
========================================================================================================================
LR         Discount     Layers          Val C-idx       Test C-idx      Logrank        
------------------------------------------------------------------------------------------------------------------------
0.001      0.5          [50]            0.7518±0.0184  0.7440±0.0066  637.9100±47.4413
0.001      1            [50]            0.7517±0.0182  0.7446±0.0068  620.4900±50.3119
0.001      0.75         [50]            0.7516±0.0182  0.7444±0.0067  622.9300±43.7070
0.0001     0.75         [50]            0.7512±0.0192  0.7445±0.0067  627.1120±27.9966
0.0001     1            [50]            0.7512±0.0191  0.7448±0.0066  628.0280±53.7438
0.0001     0.5          [50]            0.7509±0.0177  0.7441±0.0066  623.2760±47.3221

========================================================================================================================
BEST HYPERPARAMETERS:
========================================================================================================================
Learning rate:    0.001
Discount:         0.5
Layers:           [50]

Validation C-index:  0.7518 ± 0.0184
Test C-index:        0.7440 ± 0.0066
Logrank p-value:     637.9100 ± 47.4413
Number of seeds:     5
========================================================================================================================

Per-seed Test Results (for best hyperparameters):
Seed   Test C-index    Logrank        
------------------------------------
42     0.7448          639.2100       
73     0.7366          569.4600       
666    0.7389          617.8700       
777    0.7532          689.0200       
1009   0.7464          673.9900       
=================================================
