Baseline DCSM Experiments Log (no MoE)
=================================================
Dataset: PBC
Start time: Thu Feb 12 05:27:10 PM EST 2026

Mode: HYPERPARAMETER TUNING (grid search)
Learning rates: 0.001 0.0001
Discounts: 0.5 0.75 1
Layer configs: [50] [50,50]

Per-seed detailed results:
lr,discount,layers,seed,best_epoch,c_index_train,c_index_val,c_index_test,logrank,rae_nc,rae_c,cal,cluster0,cluster1,collapsed

0.001,0.5,[50],42,51,0.8345,0.7800,0.8325,1.8042e+02,0.9714,0.9714,0.4629,265,319,0
0.001,0.5,[50],73,43,0.8239,0.8289,0.8273,1.9153e+02,0.9724,0.9724,0.4878,263,321,0
0.001,0.5,[50],666,168,0.8332,0.7968,0.8429,2.6118e+02,0.8137,0.8137,0.4598,243,341,0
0.001,0.5,[50],777,68,0.8219,0.7989,0.8563,2.2843e+02,0.9286,0.9286,0.4714,261,323,0
0.001,0.5,[50],1009,69,0.8325,0.8553,0.8183,2.2455e+02,0.9215,0.9215,0.4771,223,361,0
0.001,0.5,[50,50],42,101,0.8534,0.8011,0.8369,2.4917e+02,0.9144,0.9144,0.4633,357,227,0
0.001,0.5,[50,50],73,84,0.8359,0.8556,0.8322,3.4506e+02,0.8907,0.8907,0.4881,419,165,0
0.001,0.5,[50,50],666,85,0.8410,0.8144,0.8518,2.9392e+02,0.9080,0.9080,0.4724,390,194,0
0.001,0.5,[50,50],777,96,0.8437,0.8132,0.8645,3.4799e+02,0.8955,0.8955,0.4718,407,177,0
0.001,0.5,[50,50],1009,84,0.8473,0.8633,0.8255,2.6144e+02,0.9013,0.9013,0.4776,429,155,0
0.001,0.75,[50],42,41,0.8361,0.7817,0.8324,1.7645e+02,0.9933,0.9933,0.4622,263,321,0
0.001,0.75,[50],73,64,0.8320,0.8422,0.8293,2.1909e+02,0.9774,0.9774,0.4860,254,330,0
0.001,0.75,[50],666,179,0.8310,0.7949,0.8368,2.7559e+02,0.9208,0.9208,0.4510,245,339,0
0.001,0.75,[50],777,54,0.8248,0.8000,0.8574,2.3016e+02,0.9842,0.9842,0.4694,269,315,0
0.001,0.75,[50],1009,52,0.8333,0.8531,0.8196,2.1601e+02,0.9846,0.9846,0.4744,229,355,0
0.001,0.75,[50,50],42,77,0.8430,0.7865,0.8351,1.6239e+02,0.9879,0.9879,0.4622,299,285,0
0.001,0.75,[50,50],73,61,0.8330,0.8470,0.8323,1.9690e+02,0.9802,0.9802,0.4874,301,283,0
0.001,0.75,[50,50],666,74,0.8400,0.8078,0.8508,3.1914e+02,0.9869,0.9869,0.4711,377,207,0
0.001,0.75,[50,50],777,79,0.8382,0.8091,0.8618,3.5131e+02,0.9787,0.9787,0.4695,372,212,0
0.001,0.75,[50,50],1009,73,0.8448,0.8573,0.8233,3.0490e+02,0.9787,0.9787,0.4744,414,170,0
0.001,1,[50],42,36,0.8364,0.7814,0.8320,1.8333e+02,1.0000,1.0000,0.4610,262,322,0
0.001,1,[50],73,59,0.8319,0.8402,0.8294,2.2159e+02,0.9979,0.9979,0.4847,252,332,0
0.001,1,[50],666,191,0.8314,0.7978,0.8367,2.6197e+02,0.9765,0.9765,0.4433,249,335,0
0.001,1,[50],777,50,0.8247,0.8012,0.8574,2.1926e+02,0.9969,0.9969,0.4680,274,310,0
0.001,1,[50],1009,49,0.8337,0.8541,0.8190,2.1332e+02,0.9976,0.9976,0.4708,237,347,0
0.001,1,[50,50],42,67,0.8435,0.7857,0.8347,1.6611e+02,1.0000,1.0000,0.4610,301,283,0
0.001,1,[50,50],73,53,0.8323,0.8444,0.8324,1.6689e+02,0.9981,0.9981,0.4864,285,299,0
0.001,1,[50,50],666,68,0.8370,0.8071,0.8475,3.0605e+02,0.9989,0.9989,0.4694,364,220,0
0.001,1,[50,50],777,71,0.8378,0.8115,0.8599,3.0901e+02,0.9970,0.9970,0.4679,362,222,0
0.001,1,[50,50],1009,62,0.8456,0.8560,0.8226,2.5739e+02,0.9976,0.9976,0.4709,371,213,0
0.0001,0.5,[50],42,495,0.8339,0.7788,0.8317,1.7763e+02,0.9675,0.9675,0.4630,261,323,0
0.0001,0.5,[50],73,406,0.8226,0.8268,0.8258,1.9367e+02,0.9725,0.9725,0.4878,261,323,0
0.0001,0.5,[50],666,411,0.8232,0.7997,0.8325,1.8581e+02,0.9738,0.9738,0.4721,273,311,0
0.0001,0.5,[50],777,803,0.8226,0.7992,0.8565,2.2887e+02,0.9000,0.9000,0.4716,264,320,0
0.0001,0.5,[50],1009,821,0.8328,0.8540,0.8185,2.2032e+02,0.8947,0.8947,0.4774,224,360,0
0.0001,0.5,[50,50],42,944,0.8471,0.7873,0.8359,1.9893e+02,0.9130,0.9130,0.4634,325,259,0
0.0001,0.5,[50,50],73,892,0.8430,0.8621,0.8333,3.2644e+02,0.8770,0.8770,0.4880,404,180,0
0.0001,0.5,[50,50],666,876,0.8351,0.8060,0.8498,2.8621e+02,0.9009,0.9009,0.4723,382,202,0
0.0001,0.5,[50,50],777,926,0.8355,0.8071,0.8601,3.2087e+02,0.8912,0.8912,0.4720,375,209,0
0.0001,0.5,[50,50],1009,838,0.8440,0.8572,0.8225,2.8204e+02,0.8948,0.8948,0.4777,418,166,0
0.0001,0.75,[50],42,398,0.8356,0.7801,0.8317,1.7824e+02,0.9936,0.9936,0.4621,263,321,0
0.0001,0.75,[50],73,340,0.8263,0.8309,0.8281,2.1146e+02,0.9908,0.9908,0.4872,257,327,0
0.0001,0.75,[50],666,798,0.8312,0.8016,0.8352,2.0322e+02,0.9851,0.9851,0.4703,276,308,0
0.0001,0.75,[50],777,671,0.8253,0.7992,0.8573,2.2183e+02,0.9803,0.9803,0.4692,271,313,0
0.0001,0.75,[50],1009,540,0.8326,0.8530,0.8188,2.1124e+02,0.9840,0.9840,0.4745,230,354,0
0.0001,0.75,[50,50],42,781,0.8486,0.7883,0.8360,2.0367e+02,0.9879,0.9879,0.4622,327,257,0
0.0001,0.75,[50,50],73,624,0.8382,0.8473,0.8320,2.3397e+02,0.9795,0.9795,0.4873,346,238,0
0.0001,0.75,[50,50],666,760,0.8377,0.8037,0.8486,2.9805e+02,0.9868,0.9868,0.4711,364,220,0
0.0001,0.75,[50,50],777,729,0.8327,0.8064,0.8606,2.3476e+02,0.9798,0.9798,0.4697,330,254,0
0.0001,0.75,[50,50],1009,667,0.8428,0.8578,0.8223,2.3067e+02,0.9804,0.9804,0.4747,368,216,0
0.0001,1,[50],42,342,0.8359,0.7803,0.8312,1.8682e+02,1.0000,1.0000,0.4611,261,323,0
0.0001,1,[50],73,299,0.8270,0.8322,0.8285,2.0866e+02,0.9981,0.9981,0.4864,256,328,0
0.0001,1,[50],666,314,0.8271,0.7996,0.8333,1.7748e+02,0.9983,0.9983,0.4700,280,304,0
0.0001,1,[50],777,578,0.8246,0.8013,0.8570,2.1219e+02,0.9969,0.9969,0.4679,274,310,0
0.0001,1,[50],1009,525,0.8329,0.8523,0.8185,2.1370e+02,0.9976,0.9976,0.4708,237,347,0
0.0001,1,[50,50],42,690,0.8491,0.7913,0.8347,2.0148e+02,1.0000,1.0000,0.4609,324,260,0
0.0001,1,[50,50],73,514,0.8330,0.8466,0.8322,1.8451e+02,0.9981,0.9981,0.4864,300,284,0
0.0001,1,[50,50],666,690,0.8372,0.8049,0.8464,2.6731e+02,0.9989,0.9989,0.4695,351,233,0
0.0001,1,[50,50],777,660,0.8351,0.8082,0.8615,2.3235e+02,0.9970,0.9970,0.4682,328,256,0
0.0001,1,[50,50],1009,608,0.8430,0.8568,0.8224,2.1926e+02,0.9976,0.9976,0.4709,359,225,0
=================================================
End time: Thu Feb 12 06:35:43 PM EST 2026


=================================================
BEST HYPERPARAMETER SELECTION
=================================================

Hyperparameter Search Results (sorted by validation C-index):
========================================================================================================================
LR         Discount     Layers          Val C-idx       Test C-idx      Logrank        
------------------------------------------------------------------------------------------------------------------------
0.001      1            [50]            0.8149±0.0307  0.8349±0.0142  219.8940±28.0794
0.001      0.75         [50]            0.8144±0.0313  0.8351±0.0140  223.4600±35.5210
0.0001     1            [50]            0.8131±0.0287  0.8337±0.0142  199.7700±16.5218
0.0001     0.75         [50]            0.8130±0.0288  0.8342±0.0143  205.1980±16.4544
0.001      0.5          [50]            0.8120±0.0299  0.8355±0.0147  217.2220±32.1173
0.0001     0.5          [50]            0.8117±0.0292  0.8330±0.0143  201.2600±22.2502

========================================================================================================================
BEST HYPERPARAMETERS:
========================================================================================================================
Learning rate:    0.001
Discount:         1
Layers:           [50]

Validation C-index:  0.8149 ± 0.0307
Test C-index:        0.8349 ± 0.0142
Logrank p-value:     219.8940 ± 28.0794
Number of seeds:     5
========================================================================================================================

Per-seed Test Results (for best hyperparameters):
Seed   Test C-index    Logrank        
------------------------------------
42     0.8320          183.3300       
73     0.8294          221.5900       
666    0.8367          261.9700       
777    0.8574          219.2600       
1009   0.8190          213.3200       
=================================================
