Top-K Routing Experiments Log
=================================================
Dataset: FRAMINGHAM
Start time: Mon Feb 16 03:57:08 PM EST 2026

Mode: FIXED HYPERPARAMETERS
Learning rate: 0.001
Discount: 0.5
Layers: [50]

Per-seed detailed results:
n_experts,top_k,seed,best_epoch,c_index_train,c_index_val,c_index_test,logrank,rae_nc,rae_c,cal,cluster0,cluster1,collapsed

1,1,42,43,0.7509,0.7539,0.7448,6.3921e+02,0.7984,0.7984,0.6204,2068,1421,0
1,1,73,31,0.7534,0.7681,0.7366,5.6946e+02,0.8137,0.8137,0.6184,2037,1452,0
1,1,666,37,0.7582,0.7290,0.7389,6.1787e+02,0.8058,0.8058,0.6232,2108,1381,0
1,1,777,44,0.7512,0.7374,0.7532,6.8902e+02,0.8316,0.8316,0.6178,2087,1402,0
1,1,1009,41,0.7493,0.7706,0.7464,6.7399e+02,0.8396,0.8396,0.6210,2064,1425,0
2,1,42,38,0.7514,0.7583,0.7453,5.7173e+02,0.7849,0.7849,0.6204,1794,1695,0
2,1,73,31,0.7552,0.7673,0.7340,4.9990e+02,0.8101,0.8101,0.6184,1795,1694,0
2,1,666,49,0.7621,0.7306,0.7395,5.6834e+02,0.8117,0.8117,0.6232,1850,1639,0
2,1,777,37,0.7550,0.7350,0.7551,5.7823e+02,0.8202,0.8202,0.6178,1806,1683,0
2,1,1009,45,0.7510,0.7744,0.7448,5.6832e+02,0.8374,0.8374,0.6210,1779,1710,0
2,2,42,81,0.7645,0.7647,0.7596,6.5200e+02,0.8145,0.8145,0.6204,1947,1542,0
2,2,73,43,0.7615,0.7740,0.7421,5.5307e+02,0.8206,0.8206,0.6184,1797,1692,0
2,2,666,56,0.7682,0.7371,0.7460,5.6314e+02,0.8154,0.8154,0.6232,1891,1598,0
2,2,777,73,0.7645,0.7522,0.7621,6.7107e+02,0.8408,0.8408,0.6178,1943,1546,0
2,2,1009,53,0.7576,0.7790,0.7534,5.5433e+02,0.8427,0.8427,0.6210,1678,1811,0
4,1,42,74,0.7513,0.7536,0.7418,4.9235e+02,0.8091,0.8091,0.6204,1583,1906,0
4,1,73,50,0.7565,0.7703,0.7356,4.8259e+02,0.8250,0.8250,0.6184,1596,1893,0
4,1,666,55,0.7622,0.7248,0.7383,5.1342e+02,0.8145,0.8145,0.6232,1686,1803,0
4,1,777,69,0.7548,0.7244,0.7466,5.3037e+02,0.8369,0.8369,0.6178,1660,1829,0
4,1,1009,34,0.7514,0.7651,0.7404,4.9654e+02,0.8292,0.8292,0.6210,1547,1942,0
4,2,42,96,0.7647,0.7667,0.7603,6.3150e+02,0.8156,0.8156,0.6204,1865,1624,0
4,2,73,38,0.7633,0.7751,0.7440,5.4251e+02,0.8158,0.8158,0.6184,1809,1680,0
4,2,666,55,0.7710,0.7395,0.7475,5.7033e+02,0.8118,0.8118,0.6232,1873,1616,0
4,2,777,41,0.7641,0.7487,0.7618,6.4254e+02,0.8214,0.8214,0.6178,1895,1594,0
4,2,1009,71,0.7619,0.7771,0.7565,5.3954e+02,0.8486,0.8486,0.6210,1679,1810,0
4,3,42,154,0.7636,0.7640,0.7590,6.0176e+02,0.8309,0.8309,0.6204,1760,1729,0
4,3,73,42,0.7654,0.7789,0.7455,5.7728e+02,0.8200,0.8200,0.6184,1814,1675,0
4,3,666,75,0.7725,0.7357,0.7494,5.6731e+02,0.8216,0.8216,0.6232,1839,1650,0
4,3,777,45,0.7631,0.7455,0.7635,6.1453e+02,0.8249,0.8249,0.6178,1828,1661,0
4,3,1009,54,0.7605,0.7827,0.7551,5.4754e+02,0.8413,0.8413,0.6210,1674,1815,0
8,1,42,57,0.7592,0.7492,0.7412,5.5240e+02,0.8004,0.8004,0.6204,1738,1751,0
8,1,73,62,0.7627,0.7633,0.7357,4.9931e+02,0.8320,0.8320,0.6184,1723,1766,0
8,1,666,56,0.7652,0.7305,0.7409,5.3521e+02,0.8134,0.8134,0.6232,1825,1664,0
8,1,777,82,0.7580,0.7342,0.7512,6.1308e+02,0.8450,0.8450,0.6178,1812,1677,0
8,1,1009,70,0.7543,0.7724,0.7481,5.6724e+02,0.8510,0.8510,0.6210,1739,1750,0
8,2,42,83,0.7661,0.7646,0.7600,6.2424e+02,0.8196,0.8196,0.6204,1852,1637,0
8,2,73,58,0.7680,0.7813,0.7476,5.8375e+02,0.8307,0.8307,0.6184,1841,1648,0
8,2,666,60,0.7708,0.7369,0.7522,5.8913e+02,0.8144,0.8144,0.6232,1909,1580,0
8,2,777,52,0.7646,0.7511,0.7644,6.2615e+02,0.8267,0.8267,0.6178,1782,1707,0
8,2,1009,50,0.7625,0.7842,0.7561,5.8752e+02,0.8357,0.8357,0.6210,1755,1734,0
8,3,42,62,0.7648,0.7575,0.7535,5.7482e+02,0.7945,0.7945,0.6204,1720,1769,0
8,3,73,77,0.7684,0.7814,0.7456,5.7334e+02,0.8371,0.8371,0.6184,1823,1666,0
8,3,666,105,0.7753,0.7356,0.7488,5.1056e+02,0.8259,0.8259,0.6232,1719,1770,0
8,3,777,55,0.7623,0.7505,0.7633,6.3030e+02,0.8241,0.8241,0.6178,1744,1745,0
8,3,1009,60,0.7638,0.7846,0.7576,5.8421e+02,0.8376,0.8376,0.6210,1752,1737,0
8,5,42,82,0.7650,0.7613,0.7589,5.7052e+02,0.8073,0.8073,0.6204,1689,1800,0
8,5,73,106,0.7702,0.7798,0.7474,5.4741e+02,0.8390,0.8390,0.6184,1730,1759,0
8,5,666,93,0.7774,0.7364,0.7493,5.0908e+02,0.8180,0.8180,0.6232,1754,1735,0
8,5,777,60,0.7655,0.7524,0.7648,6.0753e+02,0.8250,0.8250,0.6178,1730,1759,0
8,5,1009,146,0.7633,0.7791,0.7578,5.9713e+02,0.8586,0.8586,0.6210,1751,1738,0
8,8,42,112,0.7679,0.7603,0.7555,4.7865e+02,0.7999,0.7999,0.6204,2043,1446,0
8,8,73,110,0.7688,0.7799,0.7453,5.1912e+02,0.8346,0.8346,0.6184,1871,1618,0
8,8,666,95,0.7777,0.7362,0.7488,4.9979e+02,0.8178,0.8178,0.6232,1786,1703,0
8,8,777,77,0.7669,0.7515,0.7642,5.4847e+02,0.8255,0.8255,0.6178,1877,1612,0
8,8,1009,130,0.7651,0.7825,0.7558,5.0808e+02,0.8485,0.8485,0.6210,1996,1493,0
16,1,42,165,0.7551,0.7458,0.7397,5.9709e+02,0.8428,0.8428,0.6204,1850,1639,0
16,1,73,205,0.7603,0.7535,0.7283,5.3459e+02,0.8552,0.8552,0.6184,1746,1743,0
16,1,666,259,0.7659,0.7142,0.7349,5.9651e+02,0.8658,0.8658,0.6232,2031,1458,0
16,1,777,101,0.7607,0.7325,0.7496,6.1758e+02,0.8479,0.8479,0.6178,1817,1672,0
16,1,1009,318,0.7548,0.7749,0.7381,6.0472e+02,0.8800,0.8800,0.6210,1584,1905,0
16,2,42,71,0.7673,0.7648,0.7604,6.3072e+02,0.8031,0.8031,0.6204,1871,1618,0
16,2,73,68,0.7663,0.7761,0.7441,5.2395e+02,0.8248,0.8248,0.6184,1702,1787,0
16,2,666,82,0.7747,0.7418,0.7519,6.2808e+02,0.8175,0.8175,0.6232,1883,1606,0
16,2,777,65,0.7647,0.7413,0.7609,6.1441e+02,0.8307,0.8307,0.6178,1773,1716,0
16,2,1009,180,0.7663,0.7718,0.7533,5.8075e+02,0.8697,0.8697,0.6210,1678,1811,0
16,3,42,66,0.7667,0.7649,0.7604,6.2075e+02,0.7981,0.7981,0.6204,1848,1641,0
16,3,73,83,0.7661,0.7748,0.7434,5.3282e+02,0.8315,0.8315,0.6184,1742,1747,0
16,3,666,74,0.7740,0.7390,0.7535,5.6091e+02,0.8058,0.8058,0.6232,1800,1689,0
16,3,777,81,0.7683,0.7499,0.7646,6.1440e+02,0.8366,0.8366,0.6178,1756,1733,0
16,3,1009,148,0.7657,0.7764,0.7553,5.6020e+02,0.8593,0.8593,0.6210,1778,1711,0
16,5,42,84,0.7662,0.7657,0.7578,5.9717e+02,0.8044,0.8044,0.6204,1732,1757,0
16,5,73,131,0.7713,0.7785,0.7467,5.1758e+02,0.8384,0.8384,0.6184,1649,1840,0
16,5,666,81,0.7741,0.7378,0.7501,5.2791e+02,0.8160,0.8160,0.6232,1746,1743,0
16,5,777,111,0.7670,0.7436,0.7642,5.7239e+02,0.8396,0.8396,0.6178,1711,1778,0
16,5,1009,189,0.7655,0.7774,0.7553,5.8044e+02,0.8625,0.8625,0.6210,1752,1737,0
16,8,42,87,0.7658,0.7632,0.7591,5.4532e+02,0.8028,0.8028,0.6204,1633,1856,0
16,8,73,134,0.7702,0.7783,0.7453,5.1891e+02,0.8409,0.8409,0.6184,1677,1812,0
16,8,666,85,0.7747,0.7389,0.7505,5.2950e+02,0.8158,0.8158,0.6232,1703,1786,0
16,8,777,73,0.7657,0.7456,0.7640,5.6604e+02,0.8287,0.8287,0.6178,1654,1835,0
16,8,1009,220,0.7661,0.7783,0.7546,5.4075e+02,0.8622,0.8622,0.6210,1814,1675,0
16,10,42,97,0.7659,0.7620,0.7589,5.6632e+02,0.8057,0.8057,0.6204,1645,1844,0
16,10,73,97,0.7680,0.7795,0.7458,5.1865e+02,0.8320,0.8320,0.6184,1656,1833,0
16,10,666,77,0.7747,0.7377,0.7516,5.3693e+02,0.8123,0.8123,0.6232,1708,1781,0
16,10,777,76,0.7675,0.7488,0.7649,5.7689e+02,0.8302,0.8302,0.6178,1635,1854,0
16,10,1009,260,0.7654,0.7780,0.7543,5.3797e+02,0.8616,0.8616,0.6210,1856,1633,0
32,1,42,220,0.7627,0.7418,0.7458,5.3500e+02,0.8295,0.8295,0.6204,1761,1728,0
32,1,73,150,0.7639,0.7566,0.7380,4.8354e+02,0.8406,0.8406,0.6184,1656,1833,0
32,1,666,273,0.7756,0.7239,0.7481,5.1318e+02,0.8409,0.8409,0.6232,1739,1750,0
32,1,777,394,0.7668,0.7310,0.7552,6.2847e+02,0.8725,0.8725,0.6178,1854,1635,0
32,1,1009,165,0.7640,0.7618,0.7420,4.7719e+02,0.8574,0.8574,0.6210,1605,1884,0
32,2,42,56,0.7666,0.7579,0.7548,5.8599e+02,0.7872,0.7872,0.6204,1687,1802,0
32,2,73,59,0.7659,0.7790,0.7418,5.1729e+02,0.8192,0.8192,0.6184,1736,1753,0
32,2,666,49,0.7739,0.7336,0.7514,5.5723e+02,0.7947,0.7947,0.6232,1733,1756,0
32,2,777,78,0.7671,0.7434,0.7610,6.0594e+02,0.8345,0.8345,0.6178,1737,1752,0
32,2,1009,53,0.7615,0.7819,0.7549,5.5286e+02,0.8303,0.8303,0.6210,1668,1821,0
32,3,42,56,0.7658,0.7612,0.7548,5.6979e+02,0.7873,0.7873,0.6204,1708,1781,0
32,3,73,73,0.7673,0.7818,0.7465,5.2722e+02,0.8293,0.8293,0.6184,1676,1813,0
32,3,666,76,0.7767,0.7361,0.7522,5.3862e+02,0.8153,0.8153,0.6232,1727,1762,0
32,3,777,75,0.7648,0.7472,0.7604,5.8111e+02,0.8320,0.8320,0.6178,1697,1792,0
32,3,1009,52,0.7642,0.7788,0.7559,5.1067e+02,0.8288,0.8288,0.6210,1575,1914,0
32,5,42,59,0.7658,0.7611,0.7558,5.5398e+02,0.7871,0.7871,0.6204,1629,1860,0
32,5,73,119,0.7697,0.7810,0.7458,5.0529e+02,0.8368,0.8368,0.6184,1631,1858,0
32,5,666,107,0.7772,0.7366,0.7506,5.1816e+02,0.8202,0.8202,0.6232,1660,1829,0
32,5,777,76,0.7666,0.7527,0.7643,5.3340e+02,0.8298,0.8298,0.6178,1578,1911,0
32,5,1009,63,0.7650,0.7759,0.7554,5.1323e+02,0.8355,0.8355,0.6210,1520,1969,0
32,8,42,96,0.7654,0.7630,0.7587,5.1756e+02,0.8025,0.8025,0.6204,1583,1906,0
32,8,73,73,0.7677,0.7827,0.7455,4.6495e+02,0.8235,0.8235,0.6184,1513,1976,0
32,8,666,171,0.7795,0.7367,0.7505,4.9073e+02,0.8249,0.8249,0.6232,1610,1879,0
32,8,777,76,0.7675,0.7514,0.7639,5.3142e+02,0.8282,0.8282,0.6178,1577,1912,0
32,8,1009,76,0.7643,0.7803,0.7563,4.7101e+02,0.8370,0.8370,0.6210,1479,2010,0
32,10,42,71,0.7643,0.7619,0.7564,5.2425e+02,0.7919,0.7919,0.6204,1570,1919,0
32,10,73,80,0.7686,0.7834,0.7459,4.3081e+02,0.8248,0.8248,0.6184,1414,2075,0
32,10,666,82,0.7760,0.7302,0.7501,1.2225e+02,0.8093,0.8093,0.6232,409,3080,0
32,10,777,73,0.7661,0.7493,0.7630,5.2162e+02,0.8258,0.8258,0.6178,1506,1983,0
32,10,1009,81,0.7643,0.7796,0.7564,4.4616e+02,0.8376,0.8376,0.6210,1352,2137,0

=================================================
Summary statistics across seeds:
n_experts,top_k,c_index_mean,c_index_std,logrank_mean,logrank_std
1,1,637.9100000000001,42.43275291564287,0.74398,0.00586187683255114
2,1,557.3040000000001,28.92878054809779,0.7437400000000001,0.007006454167408784
2,2,598.722,51.756375220836325,0.7526400000000001,0.007664098120457503
4,1,503.054,16.90799171989388,0.74054,0.003681086796042724
4,2,585.284,43.72623679211372,0.75402,0.0070573082687381515
4,3,581.684,23.973841244156105,0.7545000000000001,0.006459411737921632
8,1,553.448,37.44553559504792,0.74342,0.005537291756806739
8,2,602.158,18.900185607554228,0.7560600000000001,0.005857508002555335
8,3,574.646,38.203636266722036,0.75376,0.006277133103575217
8,5,566.3340000000001,35.49412604924933,0.75564,0.006438819767628259
8,8,510.822,23.0238566708534,0.7539199999999999,0.0065150287796754995
16,1,590.098,28.775694883008473,0.73812,0.006943889400040904
16,2,595.582,39.99105970088814,0.75412,0.006187212619588892
16,3,577.816,34.06609375904432,0.7554399999999999,0.007172893418976752
16,5,559.098,30.913010464851194,0.7548199999999999,0.006087823913353598
16,8,540.104,15.88666434466342,0.7547,0.00650937785045547
16,10,547.3520000000001,21.22603721847299,0.7551,0.0064785800913471775
32,1,527.4759999999999,54.62568648538892,0.7458199999999999,0.005812538171917666
32,2,563.862,30.312324490213573,0.75278,0.006302507437520405
32,3,545.4820000000001,26.278113630928676,0.75396,0.004575849647879592
32,5,524.812,17.228036916607763,0.75438,0.0061541530692695474
32,8,495.134,25.81486285069125,0.75498,0.006404498419080142
32,10,409.018,148.35628027151395,0.7543599999999999,0.00587693797823322
=================================================
End time: Mon Feb 16 10:50:34 PM EST 2026

