Top-K Routing Experiments Log
=================================================
Dataset: support
Start time: Mon Feb 16 03:57:28 PM EST 2026

Mode: FIXED HYPERPARAMETERS
Learning rate: 0.0001
Discount: 1
Layers: [50]

Per-seed detailed results:
n_experts,top_k,seed,best_epoch,c_index_train,c_index_val,c_index_test,logrank,rae_nc,rae_c,cal,cluster0,cluster1,collapsed

1,1,42,439,0.8347,0.8241,0.8300,5.9669e+02,0.8694,0.8694,0.6749,410,500,0
1,1,73,447,0.8350,0.8340,0.8325,6.3488e+02,0.8851,0.8851,0.6676,396,514,0
1,1,666,398,0.8367,0.8369,0.8333,5.5136e+02,0.8612,0.8612,0.6568,427,483,0
1,1,777,366,0.8354,0.8345,0.8403,5.9553e+02,0.8704,0.8704,0.6296,434,476,0
1,1,1009,472,0.8320,0.8329,0.8318,6.6610e+02,0.8975,0.8975,0.6082,433,477,0
2,1,42,404,0.8263,0.8179,0.8222,8.4618e+02,0.8621,0.8621,0.6733,543,367,0
2,1,73,367,0.8264,0.8247,0.8258,8.3569e+02,0.8623,0.8623,0.6647,558,352,0
2,1,666,377,0.8264,0.8261,0.8235,7.4699e+02,0.8522,0.8522,0.6553,547,363,0
2,1,777,388,0.8278,0.8239,0.8325,7.5117e+02,0.8721,0.8721,0.6295,526,384,0
2,1,1009,382,0.8245,0.8262,0.8263,8.9286e+02,0.8721,0.8721,0.6049,524,386,0
2,2,42,385,0.8231,0.8216,0.8142,6.8337e+02,0.8548,0.8548,0.6721,528,382,0
2,2,73,369,0.8279,0.8251,0.8267,8.3707e+02,0.8570,0.8570,0.6643,545,365,0
2,2,666,371,0.8262,0.8274,0.8315,6.6518e+02,0.8459,0.8459,0.6551,517,393,0
2,2,777,362,0.8280,0.8223,0.8269,7.9160e+02,0.8592,0.8592,0.6283,519,391,0
2,2,1009,373,0.8206,0.8234,0.8272,8.7339e+02,0.8649,0.8649,0.6041,517,393,0
4,1,42,675,0.8227,0.8044,0.8156,8.1527e+02,0.8872,0.8872,0.6781,539,371,0
4,1,73,491,0.8261,0.8206,0.8244,7.8985e+02,0.8642,0.8642,0.6652,550,360,0
4,1,666,448,0.8273,0.8240,0.8181,7.7080e+02,0.8521,0.8521,0.6557,540,370,0
4,1,777,424,0.8256,0.8238,0.8336,7.7997e+02,0.8615,0.8615,0.6286,531,379,0
4,1,1009,718,0.8135,0.8090,0.8171,1.0099e+03,0.9298,0.9298,0.6135,534,376,0
4,2,42,450,0.8283,0.8240,0.8199,8.7825e+02,0.8570,0.8570,0.6724,549,361,0
4,2,73,492,0.8331,0.8350,0.8351,9.8050e+02,0.8690,0.8690,0.6660,558,352,0
4,2,666,475,0.8325,0.8300,0.8320,7.9791e+02,0.8566,0.8566,0.6559,539,371,0
4,2,777,407,0.8357,0.8292,0.8395,1.0011e+03,0.8616,0.8616,0.6282,566,344,0
4,2,1009,473,0.8209,0.8226,0.8219,1.0987e+03,0.8760,0.8760,0.6055,541,369,0
4,3,42,448,0.8306,0.8261,0.8200,8.4709e+02,0.8567,0.8567,0.6722,545,365,0
4,3,73,478,0.8260,0.8290,0.8303,9.3363e+02,0.8664,0.8664,0.6657,551,359,0
4,3,666,420,0.8247,0.8210,0.8280,6.8906e+02,0.8449,0.8449,0.6548,521,389,0
4,3,777,367,0.8255,0.8202,0.8294,6.7894e+02,0.8521,0.8521,0.6275,504,406,0
4,3,1009,456,0.8258,0.8246,0.8276,9.6781e+02,0.8709,0.8709,0.6046,523,387,0
8,1,42,665,0.8263,0.8079,0.8152,7.9047e+02,0.8677,0.8677,0.6743,371,539,0
8,1,73,563,0.8248,0.8180,0.8201,7.5091e+02,0.8770,0.8770,0.6665,373,537,0
8,1,666,662,0.8275,0.8260,0.8220,7.5596e+02,0.8856,0.8856,0.6587,374,536,0
8,1,777,544,0.8248,0.8128,0.8208,7.1007e+02,0.8705,0.8705,0.6292,389,521,0
8,1,1009,592,0.8238,0.8235,0.8199,8.2493e+02,0.8833,0.8833,0.6062,397,513,0
8,2,42,986,0.8367,0.8253,0.8266,8.8363e+02,0.9233,0.9233,0.6820,369,541,0
8,2,73,574,0.8254,0.8227,0.8295,1.0707e+03,0.8579,0.8579,0.6641,345,565,0
8,2,666,532,0.8277,0.8290,0.8291,8.7501e+02,0.8427,0.8427,0.6546,360,550,0
8,2,777,667,0.8327,0.8246,0.8346,9.9424e+02,0.8729,0.8729,0.6295,356,554,0
8,2,1009,556,0.8269,0.8293,0.8259,1.1716e+03,0.8689,0.8689,0.6042,363,547,0
8,3,42,840,0.8348,0.8286,0.8174,8.8951e+02,0.8659,0.8659,0.6746,358,552,0
8,3,73,849,0.8251,0.8266,0.8280,9.7341e+02,0.8677,0.8677,0.6666,556,354,0
8,3,666,715,0.8248,0.8199,0.8261,7.4267e+02,0.8427,0.8427,0.6550,533,377,0
8,3,777,681,0.8274,0.8181,0.8280,8.5706e+02,0.8581,0.8581,0.6284,536,374,0
8,3,1009,871,0.8329,0.8252,0.8216,1.1553e+03,0.8893,0.8893,0.6068,366,544,0
8,5,42,1232,0.8339,0.8217,0.8234,8.3514e+02,0.9125,0.9125,0.6846,532,378,0
8,5,73,852,0.8277,0.8280,0.8300,9.9483e+02,0.8841,0.8841,0.6685,557,353,0
8,5,666,775,0.8295,0.8258,0.8315,8.5096e+02,0.8493,0.8493,0.6562,543,367,0
8,5,777,1099,0.8337,0.8188,0.8352,7.9684e+02,0.9272,0.9272,0.6409,515,395,0
8,5,1009,826,0.8316,0.8314,0.8262,1.1560e+03,0.8779,0.8779,0.6055,366,544,0
8,8,42,1395,0.8352,0.8210,0.8272,7.6117e+02,0.9298,0.9298,0.6920,519,391,0
8,8,73,1009,0.8377,0.8309,0.8357,8.9790e+02,0.9244,0.9244,0.6753,542,368,0
8,8,666,743,0.8313,0.8221,0.8292,7.8370e+02,0.8722,0.8722,0.6587,526,384,0
8,8,777,936,0.8362,0.8201,0.8317,8.0923e+02,0.9169,0.9169,0.6381,517,393,0
8,8,1009,674,0.8247,0.8270,0.8250,1.0523e+03,0.8728,0.8728,0.6056,532,378,0
16,1,42,843,0.8238,0.8033,0.8088,8.1971e+02,0.9136,0.9136,0.6809,528,382,0
16,1,73,593,0.8306,0.8150,0.8191,6.9274e+02,0.8819,0.8819,0.6676,528,382,0
16,1,666,505,0.8271,0.8139,0.8180,6.2325e+02,0.8503,0.8503,0.6562,509,401,0
16,1,777,638,0.8311,0.8076,0.8201,6.7256e+02,0.8930,0.8930,0.6324,497,413,0
16,1,1009,570,0.8272,0.8183,0.8201,7.9791e+02,0.8820,0.8820,0.6066,497,413,0
16,2,42,567,0.8331,0.8264,0.8217,9.1535e+02,0.8652,0.8652,0.6750,550,360,0
16,2,73,602,0.8306,0.8263,0.8345,1.0074e+03,0.8873,0.8873,0.6682,558,352,0
16,2,666,432,0.8232,0.8236,0.8236,9.7031e+02,0.8397,0.8397,0.6543,559,351,0
16,2,777,695,0.8325,0.8169,0.8313,9.1248e+02,0.9060,0.9060,0.6343,534,376,0
16,2,1009,486,0.8259,0.8297,0.8269,1.1160e+03,0.8677,0.8677,0.6042,545,365,0
16,3,42,1152,0.8324,0.8192,0.8247,8.0640e+02,0.9366,0.9366,0.6880,527,383,0
16,3,73,607,0.8298,0.8286,0.8312,9.9665e+02,0.8782,0.8782,0.6672,558,352,0
16,3,666,488,0.8260,0.8237,0.8268,8.8094e+02,0.8424,0.8424,0.6549,547,363,0
16,3,777,471,0.8274,0.8174,0.8270,9.7129e+02,0.8546,0.8546,0.6277,554,356,0
16,3,1009,550,0.8260,0.8275,0.8242,1.0437e+03,0.8716,0.8716,0.6050,535,375,0
16,5,42,968,0.8322,0.8226,0.8178,8.5982e+02,0.9141,0.9141,0.6825,540,370,0
16,5,73,765,0.8336,0.8293,0.8320,1.0184e+03,0.9028,0.9028,0.6697,558,352,0
16,5,666,559,0.8277,0.8230,0.8265,8.6673e+02,0.8452,0.8452,0.6553,548,362,0
16,5,777,564,0.8306,0.8216,0.8291,1.0205e+03,0.8620,0.8620,0.6286,552,358,0
16,5,1009,601,0.8292,0.8256,0.8244,1.0853e+03,0.8731,0.8731,0.6051,537,373,0
16,8,42,836,0.8356,0.8245,0.8229,8.9350e+02,0.8788,0.8788,0.6780,544,366,0
16,8,73,878,0.8376,0.8332,0.8369,1.0258e+03,0.9097,0.9097,0.6713,560,350,0
16,8,666,603,0.8277,0.8240,0.8281,8.7080e+02,0.8411,0.8411,0.6547,551,359,0
16,8,777,724,0.8362,0.8244,0.8331,9.2924e+02,0.8832,0.8832,0.6313,541,369,0
16,8,1009,664,0.8303,0.8320,0.8264,1.0373e+03,0.8728,0.8728,0.6053,532,378,0
16,10,42,855,0.8356,0.8249,0.8221,8.6617e+02,0.8775,0.8775,0.6779,542,368,0
16,10,73,1200,0.8415,0.8316,0.8359,9.0812e+02,0.9349,0.9349,0.6782,546,364,0
16,10,666,633,0.8284,0.8241,0.8279,8.7052e+02,0.8426,0.8426,0.6550,550,360,0
16,10,777,765,0.8367,0.8239,0.8351,9.0095e+02,0.8869,0.8869,0.6319,538,372,0
16,10,1009,692,0.8316,0.8328,0.8281,1.0513e+03,0.8741,0.8741,0.6054,536,374,0
32,1,42,898,0.8287,0.8016,0.8100,7.1042e+02,0.8988,0.8988,0.6786,510,400,0
32,1,73,833,0.8365,0.8193,0.8168,6.3364e+02,0.8950,0.8950,0.6691,515,395,0
32,1,666,723,0.8347,0.8100,0.8116,5.8472e+02,0.8738,0.8738,0.6592,489,421,0
32,1,777,1024,0.8303,0.8206,0.8157,7.5128e+02,0.9296,0.9296,0.6382,507,403,0
32,1,1009,847,0.8342,0.8130,0.8180,8.4585e+02,0.9117,0.9117,0.6095,510,400,0
32,2,42,793,0.8371,0.8195,0.8211,8.3845e+02,0.8791,0.8791,0.6779,540,370,0
32,2,73,850,0.8373,0.8298,0.8394,9.8934e+02,0.9047,0.9047,0.6717,551,359,0
32,2,666,569,0.8322,0.8210,0.8311,8.5017e+02,0.8477,0.8477,0.6558,546,364,0
32,2,777,546,0.8307,0.8276,0.8332,1.0114e+03,0.8568,0.8568,0.6282,553,357,0
32,2,1009,843,0.8345,0.8171,0.8241,9.8979e+02,0.9250,0.9250,0.6112,518,392,0
32,3,42,688,0.8340,0.8290,0.8181,9.1918e+02,0.8587,0.8587,0.6737,553,357,0
32,3,73,846,0.8346,0.8309,0.8366,9.8381e+02,0.8924,0.8924,0.6696,553,357,0
32,3,666,702,0.8360,0.8252,0.8306,8.4094e+02,0.8664,0.8664,0.6579,540,370,0
32,3,777,667,0.8338,0.8268,0.8352,1.0083e+03,0.8658,0.8658,0.6295,552,358,0
32,3,1009,673,0.8320,0.8318,0.8233,1.1130e+03,0.8715,0.8715,0.6050,544,366,0
32,5,42,762,0.8320,0.8271,0.8175,9.6551e+02,0.8581,0.8581,0.6737,557,353,0
32,5,73,929,0.8337,0.8297,0.8347,9.8787e+02,0.8912,0.8912,0.6695,555,355,0
32,5,666,796,0.8343,0.8239,0.8298,7.9135e+02,0.8650,0.8650,0.6581,532,378,0
32,5,777,780,0.8348,0.8268,0.8358,9.2480e+02,0.8716,0.8716,0.6302,544,366,0
32,5,1009,774,0.8294,0.8289,0.8212,1.1371e+03,0.8742,0.8742,0.6054,544,366,0
32,8,42,837,0.8320,0.8278,0.8185,1.0052e+03,0.8552,0.8552,0.6730,558,352,0
32,8,73,986,0.8341,0.8306,0.8365,1.0269e+03,0.8816,0.8816,0.6683,560,350,0
32,8,666,816,0.8314,0.8246,0.8287,9.1274e+02,0.8462,0.8462,0.6557,549,361,0
32,8,777,880,0.8349,0.8258,0.8353,9.6334e+02,0.8706,0.8706,0.6301,546,364,0
32,8,1009,897,0.8322,0.8305,0.8246,1.1086e+03,0.8783,0.8783,0.6062,537,373,0
32,10,42,882,0.8309,0.8270,0.8184,9.8078e+02,0.8535,0.8535,0.6727,558,352,0
32,10,73,1001,0.8315,0.8290,0.8341,1.0559e+03,0.8733,0.8733,0.6673,562,348,0
32,10,666,871,0.8315,0.8248,0.8279,9.1191e+02,0.8463,0.8463,0.6557,549,361,0
32,10,777,937,0.8346,0.8254,0.8349,1.0369e+03,0.8692,0.8692,0.6299,551,359,0
32,10,1009,945,0.8314,0.8301,0.8249,1.0871e+03,0.8755,0.8755,0.6058,535,375,0

Model parameters used:
param:  {'learning_rate': 0.0001, 'layers': [50], 'k': 2, 'iters': 2000, 'distribution': 'Weibull', 'discount': 1.0, 'patience': 200, 'early_stopping': True}

=================================================
Summary statistics across seeds:
n_experts,top_k,c_index_mean,c_index_std,logrank_mean,logrank_std
1,1,608.912,38.94994808725681,0.8335800000000001,0.003532364647088432
2,1,814.578,56.85276893872453,0.82606,0.003551112501738008
2,2,770.122,82.63939965900045,0.8253,0.0058271777045152745
4,1,833.158,89.6111393522033,0.82176,0.006636444831383737
4,2,951.292,103.85011726522029,0.82968,0.007581134479746433
4,3,823.3059999999999,120.40099677328256,0.82706,0.0036603824936746977
8,1,766.4680000000001,38.79975587552064,0.8196,0.002319482700948616
8,2,999.0360000000001,112.81671695276368,0.82914,0.003062417345823404
8,3,923.5899999999999,137.47093525542044,0.8242199999999998,0.0041349244249441605
8,5,926.7540000000001,132.81835198495725,0.82926,0.004112225674741116
8,8,860.86,106.37542366543128,0.82976,0.003703295829393058
16,1,721.2339999999999,75.31090508020735,0.8172200000000001,0.004280841038861436
16,2,984.308,74.81501811802225,0.8276,0.004745524207081885
16,3,939.7959999999999,85.18076322738604,0.82678,0.0024725695136841043
16,5,970.15,90.54403657889345,0.82596,0.0048094074479087265
16,8,951.3280000000001,68.19674432111843,0.8294799999999999,0.004956773143891089
16,10,919.412,67.95283287693015,0.82982,0.005120312490463814
32,1,705.182,91.18037034362165,0.8144199999999999,0.0030857089947044277
32,2,935.8299999999999,75.24138037011282,0.8297800000000001,0.006535870255750176
32,3,973.0459999999999,90.8838506226491,0.8287599999999999,0.007067842669443052
32,5,961.3259999999998,111.21562670776078,0.8278000000000001,0.007283680388375084
32,8,1003.3560000000001,65.49283857033528,0.82872,0.006711899880063778
32,10,1014.518,61.88412539577497,0.82804,0.006108878784195984
=================================================
End time: Tue Feb 17 12:38:55 AM EST 2026

