Top-K Routing Experiments Log
=================================================
Dataset: PBC
Start time: Fri Feb 13 03:27:32 PM EST 2026

Mode: FIXED HYPERPARAMETERS
Learning rate: 0.001
Discount: 1
Layers: [50]

Per-seed detailed results:
n_experts,top_k,seed,best_epoch,c_index_train,c_index_val,c_index_test,logrank,rae_nc,rae_c,cal,cluster0,cluster1,collapsed

1,1,42,36,0.8364,0.7814,0.8320,1.8333e+02,1.0000,1.0000,0.4610,262,322,0
1,1,73,59,0.8319,0.8402,0.8294,2.2159e+02,0.9979,0.9979,0.4847,252,332,0
1,1,666,191,0.8314,0.7978,0.8367,2.6197e+02,0.9765,0.9765,0.4433,249,335,0
1,1,777,50,0.8247,0.8012,0.8574,2.1926e+02,0.9969,0.9969,0.4680,274,310,0
1,1,1009,49,0.8337,0.8541,0.8190,2.1332e+02,0.9976,0.9976,0.4708,237,347,0
2,1,42,59,0.8390,0.7842,0.8263,1.8090e+02,1.0000,1.0000,0.4610,324,260,0
2,1,73,71,0.8343,0.8428,0.8311,2.3426e+02,0.9980,0.9980,0.4851,349,235,0
2,1,666,93,0.8356,0.8087,0.8334,2.1523e+02,0.9990,0.9990,0.4683,331,253,0
2,1,777,56,0.8236,0.7992,0.8522,2.0404e+02,0.9969,0.9969,0.4682,313,271,0
2,1,1009,71,0.8314,0.8526,0.8233,2.2082e+02,0.9976,0.9976,0.4708,350,234,0
2,2,42,52,0.8421,0.7795,0.8335,1.8945e+02,1.0000,1.0000,0.4609,326,258,0
2,2,73,208,0.8348,0.8601,0.8329,3.3243e+02,0.9399,0.9399,0.4556,383,201,0
2,2,666,94,0.8420,0.8135,0.8432,2.5966e+02,0.9982,0.9982,0.4634,341,243,0
2,2,777,58,0.8309,0.8032,0.8595,2.2220e+02,0.9968,0.9968,0.4677,326,258,0
2,2,1009,80,0.8448,0.8548,0.8251,2.7027e+02,0.9974,0.9974,0.4677,374,210,0
4,1,42,87,0.8478,0.7788,0.8284,1.8612e+02,1.0000,1.0000,0.4597,322,262,0
4,1,73,79,0.8461,0.8483,0.8354,2.6498e+02,0.9974,0.9974,0.4830,370,214,0
4,1,666,191,0.8464,0.8051,0.8336,2.5980e+02,0.9694,0.9694,0.4461,341,243,0
4,1,777,149,0.8438,0.8142,0.8571,3.3595e+02,0.9861,0.9861,0.4514,371,213,0
4,1,1009,109,0.8531,0.8601,0.8159,2.7613e+02,0.9959,0.9959,0.4637,395,189,0
4,2,42,100,0.8664,0.7832,0.8407,2.4348e+02,0.9999,0.9999,0.4539,361,223,0
4,2,73,294,0.8647,0.8815,0.8379,3.4016e+02,0.8388,0.8388,0.4452,395,189,0
4,2,666,100,0.8567,0.8196,0.8549,2.9150e+02,0.9980,0.9980,0.4623,359,225,0
4,2,777,74,0.8426,0.8148,0.8642,3.0939e+02,0.9969,0.9969,0.4676,355,229,0
4,2,1009,69,0.8466,0.8657,0.8282,2.7092e+02,0.9976,0.9976,0.4702,394,190,0
4,3,42,90,0.8608,0.7792,0.8410,2.3314e+02,1.0000,1.0000,0.4586,358,226,0
4,3,73,80,0.8524,0.8696,0.8356,3.0468e+02,0.9975,0.9975,0.4828,386,198,0
4,3,666,108,0.8563,0.8233,0.8567,2.9714e+02,0.9978,0.9978,0.4614,366,218,0
4,3,777,81,0.8442,0.8139,0.8656,2.7302e+02,0.9969,0.9969,0.4673,352,232,0
4,3,1009,74,0.8483,0.8679,0.8310,2.7928e+02,0.9976,0.9976,0.4702,391,193,0
8,1,42,61,0.8474,0.7463,0.8298,1.7382e+02,1.0000,1.0000,0.4610,265,319,0
8,1,73,332,0.8658,0.8436,0.8348,2.6358e+02,0.8306,0.8306,0.4483,212,372,0
8,1,666,94,0.8537,0.7992,0.8403,2.4109e+02,0.9986,0.9986,0.4658,242,342,0
8,1,777,98,0.8477,0.8160,0.8499,2.7119e+02,0.9962,0.9962,0.4630,213,371,0
8,1,1009,81,0.8515,0.8387,0.8195,2.8031e+02,0.9976,0.9976,0.4692,186,398,0
8,2,42,62,0.8522,0.7808,0.8397,1.9397e+02,1.0000,1.0000,0.4608,250,334,0
8,2,73,90,0.8605,0.8711,0.8408,2.9990e+02,0.9966,0.9966,0.4803,194,390,0
8,2,666,131,0.8719,0.8213,0.8521,3.0006e+02,0.9950,0.9950,0.4571,216,368,0
8,2,777,278,0.8831,0.8021,0.8665,3.3733e+02,0.8766,0.8766,0.4312,198,386,0
8,2,1009,67,0.8467,0.8664,0.8306,2.7395e+02,0.9976,0.9976,0.4705,193,391,0
8,3,42,61,0.8473,0.7845,0.8390,1.8716e+02,1.0000,1.0000,0.4610,283,301,0
8,3,73,55,0.8375,0.8453,0.8367,2.2224e+02,0.9981,0.9981,0.4863,252,332,0
8,3,666,123,0.8742,0.8194,0.8572,3.1133e+02,0.9964,0.9964,0.4591,215,369,0
8,3,777,103,0.8489,0.8197,0.8638,3.1699e+02,0.9957,0.9957,0.4609,213,371,0
8,3,1009,70,0.8465,0.8675,0.8344,2.7460e+02,0.9976,0.9976,0.4706,202,382,0
8,5,42,70,0.8511,0.7853,0.8404,1.8320e+02,1.0000,1.0000,0.4608,261,323,0
8,5,73,338,0.8709,0.8646,0.8457,3.0696e+02,0.8143,0.8143,0.4465,178,406,0
8,5,666,131,0.8660,0.8205,0.8506,2.9137e+02,0.9961,0.9961,0.4585,229,355,0
8,5,777,181,0.8576,0.8230,0.8680,3.6393e+02,0.9695,0.9695,0.4442,211,373,0
8,5,1009,83,0.8495,0.8643,0.8304,2.8811e+02,0.9976,0.9976,0.4696,199,385,0
8,8,42,75,0.8482,0.7845,0.8391,1.8830e+02,1.0000,1.0000,0.4609,282,302,0
8,8,73,263,0.8656,0.8750,0.8389,2.8884e+02,0.8870,0.8870,0.4547,186,398,0
8,8,666,180,0.8710,0.8160,0.8477,2.8125e+02,0.9832,0.9832,0.4498,227,357,0
8,8,777,191,0.8623,0.8271,0.8689,3.1890e+02,0.9685,0.9685,0.4429,219,365,0
8,8,1009,91,0.8514,0.8624,0.8300,2.9687e+02,0.9976,0.9976,0.4693,192,392,0
16,1,42,239,0.8596,0.7630,0.8390,2.4565e+02,0.9496,0.9496,0.4236,245,339,0
16,1,73,94,0.8643,0.8572,0.8256,2.2657e+02,0.9971,0.9971,0.4817,219,365,0
16,1,666,107,0.8716,0.8038,0.8372,2.5189e+02,0.9978,0.9978,0.4638,237,347,0
16,1,777,130,0.8722,0.8243,0.8544,3.3889e+02,0.9919,0.9919,0.4561,217,367,0
16,1,1009,92,0.8513,0.8732,0.8215,2.3183e+02,0.9975,0.9975,0.4690,201,383,0
16,2,42,109,0.8755,0.7939,0.8439,2.4755e+02,0.9998,0.9998,0.4532,220,364,0
16,2,73,83,0.8568,0.8796,0.8388,3.0032e+02,0.9976,0.9976,0.4834,202,382,0
16,2,666,119,0.8622,0.8272,0.8574,2.8578e+02,0.9971,0.9971,0.4604,217,367,0
16,2,777,94,0.8596,0.8257,0.8675,3.1896e+02,0.9964,0.9964,0.4640,206,378,0
16,2,1009,79,0.8518,0.8656,0.8346,3.0670e+02,0.9976,0.9976,0.4703,198,386,0
16,3,42,95,0.8686,0.7905,0.8417,2.3514e+02,1.0000,1.0000,0.4577,231,353,0
16,3,73,87,0.8586,0.8794,0.8386,2.9778e+02,0.9975,0.9975,0.4829,200,384,0
16,3,666,114,0.8668,0.8278,0.8587,3.0694e+02,0.9981,0.9981,0.4615,223,361,0
16,3,777,270,0.8773,0.8152,0.8701,3.5113e+02,0.8849,0.8849,0.4279,207,377,0
16,3,1009,80,0.8497,0.8664,0.8334,3.0029e+02,0.9976,0.9976,0.4704,195,389,0
16,5,42,97,0.8652,0.7900,0.8412,2.2259e+02,1.0000,1.0000,0.4586,234,350,0
16,5,73,88,0.8576,0.8779,0.8386,3.0050e+02,0.9977,0.9977,0.4836,197,387,0
16,5,666,113,0.8683,0.8196,0.8590,2.9419e+02,0.9979,0.9979,0.4630,219,365,0
16,5,777,138,0.8706,0.8189,0.8668,3.3787e+02,0.9919,0.9919,0.4556,200,384,0
16,5,1009,113,0.8619,0.8642,0.8356,3.2077e+02,0.9972,0.9972,0.4654,181,403,0
16,8,42,100,0.8667,0.7956,0.8397,2.2040e+02,1.0000,1.0000,0.4589,250,334,0
16,8,73,109,0.8621,0.8760,0.8419,2.9744e+02,0.9962,0.9962,0.4795,198,386,0
16,8,666,111,0.8668,0.8175,0.8585,2.9036e+02,0.9982,0.9982,0.4643,221,363,0
16,8,777,115,0.8627,0.8250,0.8675,3.1331e+02,0.9962,0.9962,0.4623,216,368,0
16,8,1009,92,0.8477,0.8625,0.8345,2.9941e+02,0.9976,0.9976,0.4702,193,391,0
16,10,42,100,0.8655,0.7902,0.8395,1.9588e+02,1.0000,1.0000,0.4590,254,330,0
16,10,73,113,0.8579,0.8718,0.8393,2.9433e+02,0.9958,0.9958,0.4787,198,386,0
16,10,666,115,0.8660,0.8227,0.8571,2.9166e+02,0.9981,0.9981,0.4638,223,361,0
16,10,777,193,0.8743,0.8188,0.8711,3.5476e+02,0.9716,0.9716,0.4450,216,368,0
16,10,1009,93,0.8477,0.8573,0.8305,2.9130e+02,0.9976,0.9976,0.4703,207,377,0
32,1,42,453,0.8687,0.7852,0.8179,2.3552e+02,0.8171,0.8171,0.4148,232,352,0
32,1,73,953,0.8607,0.8569,0.8357,2.9935e+02,0.6529,0.6529,0.4357,192,392,0
32,1,666,320,0.8685,0.8037,0.8384,2.6047e+02,0.8675,0.8675,0.4319,223,361,0
32,1,777,205,0.8701,0.8307,0.8489,2.7171e+02,0.9719,0.9719,0.4468,194,390,0
32,1,1009,751,0.8668,0.8588,0.8191,3.1474e+02,0.6944,0.6944,0.4292,182,402,0
32,2,42,184,0.8686,0.7917,0.8392,2.4501e+02,0.9998,0.9998,0.4525,364,220,0
32,2,73,135,0.8674,0.8626,0.8451,3.1914e+02,0.9948,0.9948,0.4768,190,394,0
32,2,666,180,0.8698,0.8186,0.8579,3.0084e+02,0.9984,0.9984,0.4640,379,205,0
32,2,777,161,0.8656,0.8220,0.8732,3.4522e+02,0.9954,0.9954,0.4595,194,390,0
32,2,1009,159,0.8728,0.8654,0.8407,3.3530e+02,0.9965,0.9965,0.4639,174,410,0
32,3,42,195,0.8752,0.7854,0.8441,2.3930e+02,1.0000,1.0000,0.4557,215,369,0
32,3,73,124,0.8651,0.8645,0.8462,2.9362e+02,0.9962,0.9962,0.4791,194,390,0
32,3,666,153,0.8664,0.8188,0.8562,2.9841e+02,0.9989,0.9989,0.4665,214,370,0
32,3,777,158,0.8657,0.8250,0.8728,3.7469e+02,0.9945,0.9945,0.4579,197,387,0
32,3,1009,197,0.8777,0.8667,0.8410,3.4202e+02,0.9869,0.9869,0.4552,178,406,0
32,5,42,252,0.8747,0.8010,0.8401,2.2396e+02,0.9998,0.9998,0.4522,365,219,0
32,5,73,144,0.8653,0.8671,0.8435,3.0428e+02,0.9962,0.9962,0.4791,188,396,0
32,5,666,179,0.8690,0.8198,0.8553,3.1391e+02,0.9990,0.9990,0.4653,222,362,0
32,5,777,255,0.8715,0.8276,0.8720,3.8295e+02,0.9697,0.9697,0.4420,199,385,0
32,5,1009,344,0.8760,0.8578,0.8306,2.8375e+02,0.9333,0.9333,0.4433,400,184,0
32,8,42,216,0.8690,0.7967,0.8361,2.4691e+02,0.9998,0.9998,0.4528,376,208,0
32,8,73,299,0.8743,0.8774,0.8416,3.1170e+02,0.9073,0.9073,0.4536,191,393,0
32,8,666,353,0.8642,0.8139,0.8541,2.9223e+02,0.9990,0.9990,0.4669,219,365,0
32,8,777,329,0.8690,0.8219,0.8732,3.4428e+02,0.9227,0.9227,0.4325,387,197,0
32,8,1009,290,0.8740,0.8544,0.8258,3.0245e+02,0.9518,0.9518,0.4466,406,178,0
32,10,42,244,0.8760,0.8010,0.8375,2.5621e+02,0.9964,0.9964,0.4419,369,215,0
32,10,73,238,0.8693,0.8718,0.8385,3.2221e+02,0.9802,0.9802,0.4680,189,395,0
32,10,666,226,0.8567,0.8169,0.8516,2.7830e+02,0.9990,0.9990,0.4664,368,216,0
32,10,777,250,0.8659,0.8243,0.8711,3.6930e+02,0.9789,0.9789,0.4466,389,195,0
32,10,1009,247,0.8715,0.8526,0.8317,3.0722e+02,0.9882,0.9882,0.4562,404,180,0

=================================================
Summary statistics across seeds:
n_experts,top_k,c_index_mean,c_index_std,logrank_mean,logrank_std
1,1,0.834900,0.012657,219.8940,25.1150
2,1,0.833260,0.010110,211.0500,17.9432
2,2,0.838840,0.011819,254.8020,48.2136
4,1,0.834080,0.013377,264.5960,47.7620
4,2,0.845180,0.012788,291.0900,32.9134
4,3,0.845980,0.013091,277.4520,24.9620
8,1,0.834860,0.010172,245.9980,38.3532
8,2,0.845940,0.012340,281.0420,47.9947
8,3,0.846220,0.011934,262.4640,50.5903
8,5,0.847020,0.012448,286.7140,58.4995
8,8,0.844920,0.013232,274.8320,45.0619
16,1,0.835540,0.011544,258.9660,40.9905
16,2,0.848440,0.012236,291.8620,24.6030
16,3,0.848500,0.013732,298.2560,37.0380
16,5,0.848240,0.012349,295.1840,39.4357
16,8,0.848420,0.012474,284.1840,32.7488
16,10,0.847500,0.014624,285.5860,50.9474
32,1,0.832000,0.011878,276.3580,28.0841
32,2,0.851220,0.012809,309.1020,35.4052
32,3,0.852060,0.011553,309.6080,46.0661
32,5,0.848300,0.014243,301.7700,51.2308
32,8,0.846160,0.016314,299.5140,31.5637
32,10,0.846080,0.014102,306.6480,38.7695

=================================================
End time: Fri Feb 13 05:10:58 PM EST 2026

