Top-K Routing Experiments Log
=================================================
Dataset: flchain
Start time: Fri Feb 13 03:25:16 PM EST 2026

Mode: FIXED HYPERPARAMETERS
Learning rate: 0.001
Discount: 0.75
Layers: [50]

Per-seed detailed results:
n_experts,top_k,seed,best_epoch,c_index_train,c_index_val,c_index_test,logrank,rae_nc,rae_c,cal,cluster0,cluster1,collapsed

1,1,42,93,0.7777,0.7681,0.7914,4.9673e+02,0.9898,0.9898,0.3631,1107,851,0
1,1,73,96,0.7773,0.7921,0.7839,4.7225e+02,0.9954,0.9954,0.3591,1101,857,0
1,1,666,93,0.7751,0.8050,0.7790,4.2089e+02,0.9929,0.9929,0.3793,1094,864,0
1,1,777,86,0.7756,0.7657,0.7887,4.8059e+02,0.9861,0.9861,0.3549,1143,815,0
1,1,1009,91,0.7786,0.7574,0.7863,4.4257e+02,0.9877,0.9877,0.3647,1109,849,0
2,1,42,101,0.7779,0.7647,0.7901,5.4124e+02,0.9837,0.9837,0.3625,796,1162,0
2,1,73,87,0.7793,0.7809,0.7816,4.9987e+02,0.9965,0.9965,0.3589,800,1158,0
2,1,666,90,0.7771,0.7964,0.7769,4.5670e+02,0.9911,0.9911,0.3785,810,1148,0
2,1,777,97,0.7767,0.7680,0.7898,5.0517e+02,0.9776,0.9776,0.3537,773,1185,0
2,1,1009,106,0.7800,0.7589,0.7800,4.4556e+02,0.9757,0.9757,0.3659,806,1152,0
2,2,42,86,0.7812,0.7723,0.7985,5.5841e+02,0.9910,0.9910,0.3617,1169,789,0
2,2,73,95,0.7839,0.7939,0.7890,4.7998e+02,0.9945,0.9945,0.3585,1123,835,0
2,2,666,75,0.7830,0.7981,0.7840,4.4711e+02,0.9963,0.9963,0.3780,1124,834,0
2,2,777,96,0.7831,0.7778,0.7960,5.1519e+02,0.9792,0.9792,0.3529,1170,788,0
2,2,1009,76,0.7829,0.7602,0.7848,5.5451e+02,0.9908,0.9908,0.3636,1235,723,0
4,1,42,136,0.7768,0.7674,0.7875,5.4487e+02,0.9678,0.9678,0.3686,814,1144,0
4,1,73,71,0.7760,0.7896,0.7808,4.5005e+02,0.9993,0.9993,0.3635,866,1092,0
4,1,666,108,0.7760,0.8091,0.7760,4.3528e+02,0.9870,0.9870,0.3812,871,1087,0
4,1,777,102,0.7771,0.7677,0.7885,5.0437e+02,0.9770,0.9770,0.3548,809,1149,0
4,1,1009,83,0.7764,0.7642,0.7833,4.9361e+02,0.9907,0.9907,0.3649,830,1128,0
4,2,42,127,0.7889,0.7763,0.8005,5.5591e+02,0.9699,0.9699,0.3660,1146,812,0
4,2,73,256,0.7925,0.7990,0.7949,4.7815e+02,0.9219,0.9219,0.3921,1103,855,0
4,2,666,212,0.7878,0.8152,0.7934,4.5994e+02,0.9262,0.9262,0.4070,1090,868,0
4,2,777,309,0.7916,0.7843,0.8023,5.4643e+02,0.8676,0.8676,0.3970,1181,777,0
4,2,1009,158,0.7926,0.7761,0.7966,4.5851e+02,0.9454,0.9454,0.3760,1112,846,0
4,3,42,200,0.7896,0.7759,0.7992,6.1061e+02,0.9172,0.9172,0.3900,758,1200,0
4,3,73,115,0.7916,0.7981,0.7881,4.8276e+02,0.9878,0.9878,0.3610,844,1114,0
4,3,666,122,0.7876,0.8110,0.7860,4.7555e+02,0.9764,0.9764,0.3841,813,1145,0
4,3,777,208,0.7898,0.7780,0.8009,5.8131e+02,0.9075,0.9075,0.3785,746,1212,0
4,3,1009,96,0.7906,0.7646,0.7965,5.0593e+02,0.9816,0.9816,0.3634,802,1156,0
8,1,42,102,0.7786,0.7606,0.7879,5.1872e+02,0.9883,0.9883,0.3637,1115,843,0
8,1,73,310,0.7862,0.7986,0.7838,5.2908e+02,0.9223,0.9223,0.3905,1187,771,0
8,1,666,81,0.7770,0.7973,0.7767,4.0988e+02,0.9971,0.9971,0.3816,1069,889,0
8,1,777,138,0.7771,0.7542,0.7872,4.7925e+02,0.9635,0.9635,0.3573,1166,792,0
8,1,1009,147,0.7811,0.7647,0.7800,5.1577e+02,0.9616,0.9616,0.3685,1152,806,0
8,2,42,117,0.7889,0.7736,0.7983,6.3211e+02,0.9739,0.9739,0.3637,711,1247,0
8,2,73,103,0.7880,0.7964,0.7920,5.4826e+02,0.9929,0.9929,0.3586,746,1212,0
8,2,666,88,0.7849,0.8043,0.7928,5.2559e+02,0.9933,0.9933,0.3778,732,1226,0
8,2,777,111,0.7873,0.7828,0.8030,6.2589e+02,0.9701,0.9701,0.3530,699,1259,0
8,2,1009,100,0.7902,0.7727,0.7912,5.6322e+02,0.9810,0.9810,0.3635,715,1243,0
8,3,42,108,0.7896,0.7732,0.7947,6.5011e+02,0.9814,0.9814,0.3631,700,1258,0
8,3,73,95,0.7887,0.7959,0.7917,5.4471e+02,0.9957,0.9957,0.3581,778,1180,0
8,3,666,86,0.7868,0.8064,0.7888,4.6956e+02,0.9954,0.9954,0.3782,832,1126,0
8,3,777,192,0.7880,0.7829,0.8011,6.5521e+02,0.9098,0.9098,0.3736,677,1281,0
8,3,1009,287,0.7935,0.7721,0.7972,5.9381e+02,0.8413,0.8413,0.4203,684,1274,0
8,5,42,107,0.7905,0.7760,0.7973,6.4712e+02,0.9796,0.9796,0.3623,752,1206,0
8,5,73,102,0.7938,0.7968,0.7916,5.4293e+02,0.9912,0.9912,0.3581,744,1214,0
8,5,666,91,0.7868,0.8092,0.7931,4.9375e+02,0.9917,0.9917,0.3774,792,1166,0
8,5,777,172,0.7889,0.7862,0.8032,6.5617e+02,0.9308,0.9308,0.3636,697,1261,0
8,5,1009,183,0.7923,0.7736,0.7974,5.6756e+02,0.9209,0.9209,0.3830,719,1239,0
8,8,42,191,0.7902,0.7745,0.7977,6.5532e+02,0.9235,0.9235,0.3817,710,1248,0
8,8,73,125,0.7903,0.7956,0.7884,4.8780e+02,0.9855,0.9855,0.3635,796,1162,0
8,8,666,432,0.7837,0.8030,0.7941,6.0355e+02,0.8221,0.8221,0.4482,671,1287,0
8,8,777,107,0.7885,0.7827,0.8011,5.7453e+02,0.9751,0.9751,0.3534,748,1210,0
8,8,1009,198,0.7949,0.7729,0.7968,5.6463e+02,0.9199,0.9199,0.3841,722,1236,0
16,1,42,87,0.7734,0.7646,0.7908,4.8252e+02,0.9929,0.9929,0.3652,1129,829,0
16,1,73,100,0.7755,0.7756,0.7793,4.3949e+02,0.9938,0.9938,0.3603,1076,882,0
16,1,666,114,0.7766,0.7996,0.7760,3.9625e+02,0.9862,0.9862,0.3817,1093,865,0
16,1,777,346,0.7747,0.7680,0.7905,6.1490e+02,0.8490,0.8490,0.4012,1314,644,0
16,1,1009,378,0.7782,0.7666,0.7803,5.7011e+02,0.8438,0.8438,0.4231,1272,686,0
16,2,42,875,0.7870,0.7736,0.7985,6.1794e+02,0.7796,0.7796,0.4571,1286,672,0
16,2,73,111,0.7893,0.7954,0.7867,4.6397e+02,0.9924,0.9924,0.3599,834,1124,0
16,2,666,122,0.7871,0.7999,0.7925,4.4393e+02,0.9869,0.9869,0.3790,1111,847,0
16,2,777,172,0.7893,0.7806,0.8026,5.3939e+02,0.9546,0.9546,0.3556,1182,776,0
16,2,1009,221,0.7949,0.7722,0.7926,5.0322e+02,0.9259,0.9259,0.3806,1173,785,0
16,3,42,148,0.7919,0.7747,0.7974,5.7674e+02,0.9637,0.9637,0.3675,777,1181,0
16,3,73,152,0.7919,0.7952,0.7897,4.5610e+02,0.9797,0.9797,0.3652,864,1094,0
16,3,666,221,0.7868,0.8071,0.7919,5.3071e+02,0.9238,0.9238,0.4049,751,1207,0
16,3,777,209,0.7895,0.7809,0.8002,5.9147e+02,0.9136,0.9136,0.3728,718,1240,0
16,3,1009,216,0.7936,0.7713,0.7955,5.0740e+02,0.9208,0.9208,0.3847,797,1161,0
16,5,42,130,0.7899,0.7724,0.7972,6.4016e+02,0.9619,0.9619,0.3682,1243,715,0
16,5,73,120,0.7887,0.7952,0.7888,5.4398e+02,0.9802,0.9802,0.3646,1236,722,0
16,5,666,385,0.7860,0.8090,0.7927,6.1881e+02,0.8050,0.8050,0.4611,1303,655,0
16,5,777,124,0.7879,0.7824,0.7998,6.1648e+02,0.9542,0.9542,0.3579,1279,679,0
16,5,1009,125,0.7930,0.7738,0.7978,5.7640e+02,0.9552,0.9552,0.3713,1244,714,0
16,8,42,121,0.7906,0.7745,0.7997,6.5333e+02,0.9730,0.9730,0.3635,1239,719,0
16,8,73,82,0.7910,0.7990,0.7918,5.3815e+02,0.9981,0.9981,0.3597,1213,745,0
16,8,666,124,0.7866,0.8030,0.7933,5.1780e+02,0.9749,0.9749,0.3828,1192,766,0
16,8,777,123,0.7882,0.7818,0.8037,6.2672e+02,0.9624,0.9624,0.3544,1274,684,0
16,8,1009,115,0.7940,0.7754,0.7969,5.6978e+02,0.9710,0.9710,0.3649,1249,709,0
16,10,42,331,0.7944,0.7720,0.7988,6.4449e+02,0.8483,0.8483,0.4179,689,1269,0
16,10,73,201,0.7919,0.7950,0.7922,5.5298e+02,0.9519,0.9519,0.3768,737,1221,0
16,10,666,367,0.7897,0.8148,0.7941,6.0153e+02,0.8279,0.8279,0.4442,671,1287,0
16,10,777,110,0.7890,0.7822,0.8028,5.9644e+02,0.9734,0.9734,0.3530,724,1234,0
16,10,1009,138,0.7940,0.7681,0.7948,5.4998e+02,0.9597,0.9597,0.3682,714,1244,0
32,1,42,182,0.7782,0.7645,0.7922,5.4478e+02,0.9522,0.9522,0.3736,1135,823,0
32,1,73,327,0.7849,0.7875,0.7846,4.9599e+02,0.9556,0.9556,0.3751,1104,854,0
32,1,666,211,0.7764,0.8026,0.7806,4.3746e+02,0.9521,0.9521,0.3925,836,1122,0
32,1,777,478,0.7727,0.7587,0.7923,5.8334e+02,0.8429,0.8429,0.4022,721,1237,0
32,1,1009,145,0.7786,0.7573,0.7799,4.2075e+02,0.9652,0.9652,0.3700,1116,842,0
32,2,42,126,0.7891,0.7758,0.7938,6.1491e+02,0.9644,0.9644,0.3681,724,1234,0
32,2,73,151,0.7903,0.7972,0.7908,5.5977e+02,0.9637,0.9637,0.3719,708,1250,0
32,2,666,133,0.7859,0.8076,0.7934,5.3029e+02,0.9622,0.9622,0.3884,728,1230,0
32,2,777,172,0.7876,0.7813,0.8033,6.2951e+02,0.9199,0.9199,0.3705,677,1281,0
32,2,1009,133,0.7929,0.7757,0.7972,5.4465e+02,0.9475,0.9475,0.3740,731,1227,0
32,3,42,135,0.7902,0.7717,0.7976,6.2992e+02,0.9714,0.9714,0.3646,1233,725,0
32,3,73,95,0.7885,0.7929,0.7889,4.8275e+02,0.9984,0.9984,0.3609,1186,772,0
32,3,666,140,0.7886,0.8081,0.7956,5.6443e+02,0.9696,0.9696,0.3866,704,1254,0
32,3,777,154,0.7881,0.7814,0.7992,6.1545e+02,0.9415,0.9415,0.3615,1271,687,0
32,3,1009,149,0.7923,0.7780,0.7962,5.6724e+02,0.9575,0.9575,0.3703,1237,721,0
32,5,42,108,0.7904,0.7694,0.7970,6.0576e+02,0.9850,0.9850,0.3622,772,1186,0
32,5,73,304,0.7900,0.7894,0.7877,5.5741e+02,0.9104,0.9104,0.3964,705,1253,0
32,5,666,163,0.7889,0.8054,0.7960,5.1701e+02,0.9611,0.9611,0.3875,762,1196,0
32,5,777,664,0.7907,0.7847,0.8019,6.3097e+02,0.7838,0.7838,0.4331,632,1326,0
32,5,1009,136,0.7935,0.7750,0.7981,4.8802e+02,0.9623,0.9623,0.3676,777,1181,0
32,8,42,177,0.7910,0.7733,0.7969,6.1060e+02,0.9494,0.9494,0.3750,1220,738,0
32,8,73,199,0.7920,0.7918,0.7899,5.3774e+02,0.9553,0.9553,0.3763,1212,746,0
32,8,666,149,0.7889,0.8083,0.7867,5.0246e+02,0.9715,0.9715,0.3850,1181,777,0
32,8,777,154,0.7900,0.7780,0.8014,6.0624e+02,0.9524,0.9524,0.3587,1245,713,0
32,8,1009,206,0.7930,0.7658,0.7957,5.9214e+02,0.9132,0.9132,0.3858,1262,696,0
32,10,42,383,0.7938,0.7754,0.7996,6.4245e+02,0.8517,0.8517,0.4116,702,1256,0
32,10,73,157,0.7919,0.7928,0.7893,5.1824e+02,0.9783,0.9783,0.3641,758,1200,0
32,10,666,318,0.7890,0.8030,0.7951,5.5531e+02,0.8767,0.8767,0.4242,708,1250,0
32,10,777,160,0.7901,0.7862,0.8025,6.1851e+02,0.9579,0.9579,0.3552,725,1233,0
32,10,1009,322,0.7964,0.7709,0.7992,5.7588e+02,0.8657,0.8657,0.4076,705,1253,0

=================================================
Summary statistics across seeds:
n_experts,top_k,c_index_mean,c_index_std,logrank_mean,logrank_std
1,1,0.785860,0.004239,462.6060,27.2857
2,1,0.783680,0.005339,489.7080,34.7461
2,2,0.790460,0.005852,511.0400,42.9012
4,1,0.783220,0.004565,485.6360,39.3073
4,2,0.797540,0.003359,499.7880,42.6265
4,3,0.794140,0.005994,531.2320,54.5873
8,1,0.783120,0.004264,490.5400,43.7024
8,2,0.795460,0.004519,579.0140,42.5815
8,3,0.794700,0.004267,582.6800,69.5257
8,5,0.796520,0.004047,581.5060,62.0703
8,8,0.795620,0.004247,577.1660,54.6892
16,1,0.783380,0.006105,500.6540,81.0510
16,2,0.794580,0.005478,513.6900,61.6063
16,3,0.794940,0.003761,532.4840,48.7951
16,5,0.795260,0.003978,599.1660,34.4382
16,8,0.797080,0.004310,581.1560,51.5327
16,10,0.796540,0.003798,589.0840,34.9613
32,1,0.785920,0.005412,496.4640,61.8000
32,2,0.795700,0.004311,575.8260,39.2754
32,3,0.795500,0.003526,571.9580,51.5522
32,5,0.796140,0.004669,559.8340,53.2288
32,8,0.794120,0.005217,569.8360,42.5537
32,10,0.797140,0.004575,582.0780,44.2771

=================================================
End time: Fri Feb 13 05:57:44 PM EST 2026

