Dense MoE Experiments Log (all experts, no top-k)
=================================================
Dataset: support
Start time: Thu Feb 12 12:37:37 AM EST 2026

Per-seed detailed results:
n_experts,seed,best_epoch,c_index_train,c_index_val,c_index_test,logrank,rae_nc,rae_c,cal,cluster0,cluster1,collapsed

1,42,32,0.8246,0.8185,0.8250,6.7014e+02,0.7965,0.7965,0.7925,373,537,0
1,73,31,0.8208,0.8213,0.8210,5.6454e+02,0.7954,0.7954,0.7843,375,535,0
1,666,30,0.8227,0.8243,0.8206,6.5549e+02,0.7881,0.7881,0.7665,371,539,0
1,777,31,0.8204,0.8192,0.8252,7.2040e+02,0.8125,0.8125,0.7379,375,535,0
1,1009,32,0.8182,0.8235,0.8183,7.6254e+02,0.8139,0.8139,0.7050,386,524,0
2,42,37,0.8140,0.8174,0.8088,7.9586e+02,0.7914,0.7914,0.7892,550,360,0
2,73,36,0.8168,0.8163,0.8208,9.6628e+02,0.7811,0.7811,0.7815,577,333,0
2,666,36,0.8169,0.8205,0.8250,8.7317e+02,0.7798,0.7798,0.7645,560,350,0
2,777,34,0.8200,0.8195,0.8263,7.4464e+02,0.7996,0.7996,0.7347,539,371,0
2,1009,35,0.8108,0.8182,0.8055,8.5183e+02,0.7936,0.7936,0.7014,529,381,0
4,42,52,0.8215,0.8208,0.8192,9.6743e+02,0.7911,0.7911,0.7896,561,349,0
4,73,47,0.8111,0.8115,0.8120,7.8109e+02,0.7815,0.7815,0.7820,551,359,0
4,666,50,0.8172,0.8175,0.8247,8.9602e+02,0.7805,0.7805,0.7653,559,351,0
4,777,44,0.8228,0.8194,0.8314,8.5970e+02,0.8003,0.8003,0.7351,542,368,0
4,1009,50,0.8095,0.8187,0.8075,1.0918e+03,0.7978,0.7978,0.7027,544,366,0
8,42,69,0.8156,0.8180,0.8115,1.0990e+03,0.7911,0.7911,0.7909,573,337,0
8,73,73,0.8175,0.8200,0.8201,1.1146e+03,0.7999,0.7999,0.7867,578,332,0
8,666,76,0.8149,0.8158,0.8238,1.1381e+03,0.7789,0.7789,0.7653,577,333,0
8,777,113,0.8302,0.8100,0.8274,1.1259e+03,0.8228,0.8228,0.7468,568,342,0
8,1009,73,0.8154,0.8181,0.8136,1.2480e+03,0.8037,0.8037,0.7052,559,351,0
16,42,78,0.8215,0.8224,0.8177,1.1914e+03,0.7952,0.7952,0.7933,581,329,0
16,73,83,0.8275,0.8254,0.8280,1.0830e+03,0.8172,0.8172,0.7870,576,334,0
16,666,74,0.8211,0.8169,0.8266,1.3233e+03,0.7823,0.7823,0.7659,591,319,0
16,777,142,0.8363,0.8191,0.8279,9.6750e+02,0.7984,0.7984,0.7454,559,351,0
16,1009,74,0.8233,0.8270,0.8156,1.1421e+03,0.7948,0.7948,0.7026,549,361,0
32,42,125,0.8245,0.8266,0.8152,1.1455e+03,0.7973,0.7973,0.7942,579,331,0
32,73,129,0.8238,0.8232,0.8292,1.1351e+03,0.8185,0.8185,0.7875,579,331,0
32,666,122,0.8301,0.8238,0.8279,1.0648e+03,0.7918,0.7918,0.7695,570,340,0
32,777,127,0.8302,0.8218,0.8296,1.1626e+03,0.8114,0.8114,0.7397,579,331,0
32,1009,124,0.8258,0.8281,0.8177,1.2191e+03,0.8155,0.8155,0.7071,553,357,0

Model parameters used:
param:  {'learning_rate': 0.001, 'layers': [50], 'k': 2, 'iters': 2000, 'distribution': 'Weibull', 'discount': 0.5, 'patience': 100, 'early_stopping': True}

=================================================
Summary statistics across seeds:
n_experts,c_index_mean,c_index_std,logrank_mean,logrank_std
1,0.8220,0.0027,674.6222,66.8287
2,0.8173,0.0085,846.3561,74.8684
4,0.8190,0.0086,919.2033,105.1240
8,0.8193,0.0060,1145.1238,53.0447
16,0.8232,0.0054,1141.4340,117.6598
32,0.8239,0.0062,1145.4091,49.6501
=================================================
End time: Thu Feb 12 01:09:33 AM EST 2026

