Dense MoE Experiments Log (all experts, no top-k)
=================================================
Dataset: flchain
Start time: Fri Feb 13 11:06:40 AM EST 2026

Mode: FIXED HYPERPARAMETERS
Learning rate: 0.001
Discount: 0.75
Layers: [50]

Per-seed detailed results:
n_experts,seed,best_epoch,c_index_train,c_index_val,c_index_test,logrank,rae_nc,rae_c,cal,cluster0,cluster1,collapsed

1,42,94,0.7782,0.7669,0.7919,4.7859e+02,0.9890,0.9890,0.3630,878,1080,0
1,73,105,0.7783,0.7934,0.7843,4.7789e+02,0.9937,0.9937,0.3589,1080,878,0
1,666,88,0.7761,0.8046,0.7791,4.1024e+02,0.9944,0.9944,0.3785,896,1062,0
1,777,89,0.7761,0.7669,0.7896,4.6404e+02,0.9846,0.9846,0.3547,842,1116,0
1,1009,89,0.7794,0.7583,0.7863,4.1990e+02,0.9891,0.9891,0.3644,889,1069,0
2,42,104,0.7880,0.7696,0.7958,5.7539e+02,0.9841,0.9841,0.3629,1178,780,0
2,73,84,0.7854,0.7944,0.7886,4.6860e+02,0.9977,0.9977,0.3586,866,1092,0
2,666,76,0.7823,0.8015,0.7829,4.6139e+02,0.9968,0.9968,0.3780,1157,801,0
2,777,86,0.7788,0.7706,0.7958,5.0335e+02,0.9868,0.9868,0.3534,799,1159,0
2,1009,118,0.7845,0.7662,0.7877,4.7981e+02,0.9711,0.9711,0.3679,803,1155,0
4,42,131,0.7915,0.7788,0.7984,5.7394e+02,0.9724,0.9724,0.3639,825,1133,0
4,73,96,0.7886,0.7914,0.7890,4.6920e+02,0.9957,0.9957,0.3597,863,1095,0
4,666,278,0.7839,0.8044,0.7939,5.3718e+02,0.9059,0.9059,0.4109,754,1204,0
4,777,443,0.7883,0.7794,0.7993,6.4569e+02,0.8270,0.8270,0.4084,669,1289,0
4,1009,125,0.7906,0.7667,0.7976,5.0421e+02,0.9705,0.9705,0.3657,813,1145,0
8,42,275,0.7941,0.7715,0.8008,6.5673e+02,0.8810,0.8810,0.4007,712,1246,0
8,73,205,0.7907,0.7889,0.7883,5.3842e+02,0.9401,0.9401,0.3836,746,1212,0
8,666,85,0.7865,0.8065,0.7883,4.7361e+02,0.9941,0.9941,0.3778,812,1146,0
8,777,625,0.7875,0.7715,0.8017,6.8071e+02,0.7984,0.7984,0.4330,618,1340,0
8,1009,112,0.7917,0.7706,0.7961,5.5403e+02,0.9701,0.9701,0.3662,742,1216,0
16,42,144,0.7934,0.7751,0.7981,5.5159e+02,0.9797,0.9797,0.3623,1110,848,0
16,73,135,0.7907,0.7956,0.7907,4.7908e+02,0.9905,0.9905,0.3592,1116,842,0
16,666,202,0.7905,0.8124,0.7935,4.9864e+02,0.9675,0.9675,0.3835,1159,799,0
16,777,320,0.7916,0.7814,0.8020,5.7492e+02,0.8996,0.8996,0.3741,1210,748,0
16,1009,153,0.7942,0.7684,0.7978,4.8872e+02,0.9686,0.9686,0.3658,1165,793,0
32,42,318,0.7910,0.7708,0.7973,6.6881e+02,0.8495,0.8495,0.4196,679,1279,0
32,73,90,0.7899,0.7959,0.7886,5.6080e+02,0.9981,0.9981,0.3594,709,1249,0
32,666,401,0.7865,0.8091,0.7941,6.0535e+02,0.8004,0.8004,0.4666,663,1295,0
32,777,130,0.7881,0.7815,0.8015,6.1759e+02,0.9653,0.9653,0.3552,696,1262,0
32,1009,199,0.7915,0.7716,0.7973,5.8076e+02,0.9044,0.9044,0.3937,694,1264,0

Model parameters used:
param:  {'learning_rate': 0.001, 'layers': [50], 'k': 2, 'iters': 2000, 'distribution': 'Weibull', 'discount': 0.75, 'patience': 200, 'early_stopping': True}

=================================================
Summary statistics across seeds:
n_experts,c_index_mean,c_index_std,logrank_mean,logrank_std
1,0.7863,0.0044,450.1322,29.2538
2,0.7902,0.0050,497.7103,41.3563
4,0.7956,0.0038,546.0444,60.7291
8,0.7950,0.0058,580.6974,77.1376
16,0.7964,0.0039,518.5896,37.7173
32,0.7958,0.0043,606.6614,36.7626
=================================================
End time: Fri Feb 13 02:50:35 PM EST 2026

