Dense MoE Experiments Log (all experts, no top-k)
=================================================
Dataset: PBC
Start time: Thu Feb 12 07:46:58 PM EST 2026

Mode: FIXED HYPERPARAMETERS
Learning rate: 0.001
Discount: 1
Layers: [50]

Per-seed detailed results:
n_experts,seed,best_epoch,c_index_train,c_index_val,c_index_test,logrank,rae_nc,rae_c,cal,cluster0,cluster1,collapsed

1,42,36,0.8364,0.7814,0.8320,1.8333e+02,1.0000,1.0000,0.4610,262,322,0
1,73,59,0.8319,0.8402,0.8294,2.2159e+02,0.9979,0.9979,0.4847,252,332,0
1,666,191,0.8314,0.7978,0.8367,2.6197e+02,0.9765,0.9765,0.4433,249,335,0
1,777,50,0.8247,0.8012,0.8574,2.1926e+02,0.9969,0.9969,0.4680,274,310,0
1,1009,49,0.8337,0.8541,0.8190,2.1332e+02,0.9976,0.9976,0.4708,237,347,0
2,42,52,0.8421,0.7795,0.8335,1.8945e+02,1.0000,1.0000,0.4609,326,258,0
2,73,208,0.8348,0.8601,0.8329,3.3243e+02,0.9399,0.9399,0.4556,383,201,0
2,666,94,0.8420,0.8135,0.8432,2.5966e+02,0.9982,0.9982,0.4634,341,243,0
2,777,58,0.8309,0.8032,0.8595,2.2220e+02,0.9968,0.9968,0.4677,326,258,0
2,1009,80,0.8448,0.8548,0.8251,2.7027e+02,0.9974,0.9974,0.4677,374,210,0
4,42,176,0.8677,0.7953,0.8414,2.5825e+02,0.9901,0.9901,0.4353,370,214,0
4,73,88,0.8546,0.8686,0.8356,3.0562e+02,0.9971,0.9971,0.4814,387,197,0
4,666,120,0.8580,0.8243,0.8588,3.1278e+02,0.9970,0.9970,0.4592,371,213,0
4,777,291,0.8654,0.8085,0.8679,3.7473e+02,0.8777,0.8777,0.4268,388,196,0
4,1009,77,0.8485,0.8685,0.8308,2.8029e+02,0.9976,0.9976,0.4701,392,192,0
8,42,75,0.8482,0.7845,0.8391,1.8830e+02,1.0000,1.0000,0.4609,282,302,0
8,73,263,0.8656,0.8750,0.8389,2.8884e+02,0.8870,0.8870,0.4547,186,398,0
8,666,180,0.8710,0.8160,0.8477,2.8125e+02,0.9832,0.9832,0.4498,227,357,0
8,777,191,0.8623,0.8271,0.8689,3.1890e+02,0.9685,0.9685,0.4429,219,365,0
8,1009,91,0.8514,0.8624,0.8300,2.9687e+02,0.9976,0.9976,0.4693,192,392,0
16,42,110,0.8690,0.7925,0.8397,2.1027e+02,1.0000,1.0000,0.4578,258,326,0
16,73,104,0.8580,0.8803,0.8399,3.0710e+02,0.9972,0.9972,0.4817,199,385,0
16,666,113,0.8660,0.8165,0.8562,2.8309e+02,0.9985,0.9985,0.4653,230,354,0
16,777,170,0.8767,0.8234,0.8688,3.2455e+02,0.9841,0.9841,0.4504,219,365,0
16,1009,289,0.8797,0.8595,0.8284,3.4064e+02,0.9203,0.9203,0.4455,195,389,0
32,42,237,0.8721,0.8091,0.8407,2.5409e+02,0.9981,0.9981,0.4444,359,225,0
32,73,272,0.8690,0.8841,0.8481,2.8445e+02,0.9906,0.9906,0.4728,389,195,0
32,666,201,0.8687,0.8163,0.8538,2.9338e+02,0.9986,0.9986,0.4639,368,216,0
32,777,266,0.8654,0.8175,0.8711,3.5477e+02,0.9779,0.9779,0.4462,379,205,0
32,1009,233,0.8763,0.8445,0.8303,3.0684e+02,0.9921,0.9921,0.4587,403,181,0

Model parameters used:
param:  {'learning_rate': 0.001, 'layers': [50], 'k': 2, 'iters': 2000, 'distribution': 'Weibull', 'discount': 1.0, 'patience': 200, 'early_stopping': True}

=================================================
Summary statistics across seeds:
n_experts,c_index_mean,c_index_std,logrank_mean,logrank_std
1,0.8349,0.0126,219.8947,25.1158
2,0.8388,0.0118,254.8042,48.2143
4,0.8469,0.0141,306.3345,39.2683
8,0.8449,0.0132,274.8310,45.0607
16,0.8466,0.0142,293.1292,45.6213
32,0.8488,0.0136,298.7092,32.9591
=================================================
End time: Thu Feb 12 07:58:48 PM EST 2026

