Dense MoE Experiments Log (all experts, no top-k)
=================================================
Dataset: FRAMINGHAM
Start time: Fri Feb 13 03:11:52 PM EST 2026

Mode: FIXED HYPERPARAMETERS
Learning rate: 0.001
Discount: 0.5
Layers: [50]

Per-seed detailed results:
n_experts,seed,best_epoch,c_index_train,c_index_val,c_index_test,logrank,rae_nc,rae_c,cal,cluster0,cluster1,collapsed

1,42,43,0.7509,0.7539,0.7448,6.3921e+02,0.7984,0.7984,0.6204,2068,1421,0
1,73,31,0.7534,0.7681,0.7366,5.6946e+02,0.8137,0.8137,0.6184,2037,1452,0
1,666,37,0.7582,0.7290,0.7389,6.1787e+02,0.8058,0.8058,0.6232,2108,1381,0
1,777,44,0.7512,0.7374,0.7532,6.8902e+02,0.8316,0.8316,0.6178,2087,1402,0
1,1009,41,0.7493,0.7706,0.7464,6.7399e+02,0.8396,0.8396,0.6210,2064,1425,0
2,42,81,0.7645,0.7647,0.7596,6.5200e+02,0.8145,0.8145,0.6204,1947,1542,0
2,73,43,0.7615,0.7740,0.7421,5.5307e+02,0.8206,0.8206,0.6184,1797,1692,0
2,666,56,0.7682,0.7371,0.7460,5.6314e+02,0.8154,0.8154,0.6232,1891,1598,0
2,777,73,0.7645,0.7522,0.7621,6.7107e+02,0.8408,0.8408,0.6178,1943,1546,0
2,1009,53,0.7576,0.7790,0.7534,5.5433e+02,0.8427,0.8427,0.6210,1678,1811,0
4,42,57,0.7620,0.7650,0.7577,6.0365e+02,0.7980,0.7980,0.6204,1773,1716,0
4,73,73,0.7671,0.7791,0.7447,5.5102e+02,0.8376,0.8376,0.6184,1759,1730,0
4,666,74,0.7756,0.7344,0.7485,5.7747e+02,0.8209,0.8209,0.6232,1862,1627,0
4,777,44,0.7630,0.7470,0.7639,6.1805e+02,0.8244,0.8244,0.6178,1826,1663,0
4,1009,61,0.7631,0.7827,0.7562,5.5767e+02,0.8438,0.8438,0.6210,1692,1797,0
8,42,112,0.7679,0.7603,0.7555,4.7865e+02,0.7999,0.7999,0.6204,2043,1446,0
8,73,110,0.7688,0.7799,0.7453,5.1912e+02,0.8346,0.8346,0.6184,1871,1618,0
8,666,95,0.7777,0.7362,0.7488,4.9979e+02,0.8178,0.8178,0.6232,1786,1703,0
8,777,77,0.7669,0.7515,0.7642,5.4847e+02,0.8255,0.8255,0.6178,1877,1612,0
8,1009,130,0.7651,0.7825,0.7558,5.0808e+02,0.8485,0.8485,0.6210,1996,1493,0
16,42,75,0.7644,0.7619,0.7583,5.6744e+02,0.7969,0.7969,0.6204,1623,1866,0
16,73,85,0.7681,0.7797,0.7454,5.1649e+02,0.8275,0.8275,0.6184,1651,1838,0
16,666,80,0.7747,0.7377,0.7514,5.2992e+02,0.8117,0.8117,0.6232,1712,1777,0
16,777,73,0.7675,0.7491,0.7644,5.6098e+02,0.8289,0.8289,0.6178,1643,1846,0
16,1009,101,0.7639,0.7806,0.7545,5.0875e+02,0.8437,0.8437,0.6210,1923,1566,0
32,42,127,0.7672,0.7588,0.7571,5.9355e+01,0.8008,0.8008,0.6204,146,3343,0
32,73,137,0.7706,0.7833,0.7479,4.8437e+02,0.8334,0.8334,0.6184,1947,1542,0
32,666,109,0.7774,0.7360,0.7513,4.9738e+02,0.8173,0.8173,0.6232,1855,1634,0
32,777,85,0.7669,0.7465,0.7613,3.6594e+01,0.8253,0.8253,0.6178,142,3347,0
32,1009,127,0.7647,0.7817,0.7544,4.5519e+02,0.8455,0.8455,0.6210,2087,1402,0

Model parameters used:
param:  {'learning_rate': 0.001, 'layers': [50], 'k': 2, 'iters': 2000, 'distribution': 'Weibull', 'discount': 0.5, 'patience': 200, 'early_stopping': True}

=================================================
Summary statistics across seeds:
n_experts,c_index_mean,c_index_std,logrank_mean,logrank_std
1,0.7440,0.0059,637.9092,42.4341
2,0.7526,0.0077,598.7200,51.7594
4,0.7542,0.0068,581.5724,25.8424
8,0.7539,0.0065,510.8210,23.0226
16,0.7548,0.0064,536.7176,23.5399
32,0.7544,0.0046,306.5777,211.7129
=================================================
End time: Fri Feb 13 04:50:32 PM EST 2026

